../Core/Src/main.c:127:7:motor_fonksiyonu	8	static
../Core/Src/main.c:152:7:motorfonksiyon_pid	16	static
../Core/Src/main.c:250:5:main	8	static
../Core/Src/main.c:395:6:SystemClock_Config	88	static
../Core/Src/main.c:441:13:MX_TIM1_Init	96	static
../Core/Src/main.c:520:13:MX_TIM2_Init	32	static
../Core/Src/main.c:565:13:MX_TIM3_Init	48	static
../Core/Src/main.c:626:13:MX_TIM5_Init	32	static
../Core/Src/main.c:671:13:MX_GPIO_Init	56	static
../Core/Src/main.c:789:6:Error_Handler	4	static,ignoring_inline_asm
