Archive member included to satisfy reference by file (symbol)

C:/ST/STM32CubeIDE_1.14.1/STM32CubeIDE/plugins/com.st.stm32cube.ide.mcu.externaltools.gnu-tools-for-stm32.12.3.rel1.win32_1.0.200.202406191623/tools/bin/../lib/gcc/arm-none-eabi/12.3.1/../../../../arm-none-eabi/lib/thumb/v7e-m+fp/hard\libc_nano.a(libc_a-exit.o)
                              C:/ST/STM32CubeIDE_1.14.1/STM32CubeIDE/plugins/com.st.stm32cube.ide.mcu.externaltools.gnu-tools-for-stm32.12.3.rel1.win32_1.0.200.202406191623/tools/bin/../lib/gcc/arm-none-eabi/12.3.1/../../../../arm-none-eabi/lib/thumb/v7e-m+fp/hard/crt0.o (exit)
C:/ST/STM32CubeIDE_1.14.1/STM32CubeIDE/plugins/com.st.stm32cube.ide.mcu.externaltools.gnu-tools-for-stm32.12.3.rel1.win32_1.0.200.202406191623/tools/bin/../lib/gcc/arm-none-eabi/12.3.1/../../../../arm-none-eabi/lib/thumb/v7e-m+fp/hard\libc_nano.a(libc_a-findfp.o)
                              C:/ST/STM32CubeIDE_1.14.1/STM32CubeIDE/plugins/com.st.stm32cube.ide.mcu.externaltools.gnu-tools-for-stm32.12.3.rel1.win32_1.0.200.202406191623/tools/bin/../lib/gcc/arm-none-eabi/12.3.1/../../../../arm-none-eabi/lib/thumb/v7e-m+fp/hard\libc_nano.a(libc_a-exit.o) (__stdio_exit_handler)
C:/ST/STM32CubeIDE_1.14.1/STM32CubeIDE/plugins/com.st.stm32cube.ide.mcu.externaltools.gnu-tools-for-stm32.12.3.rel1.win32_1.0.200.202406191623/tools/bin/../lib/gcc/arm-none-eabi/12.3.1/../../../../arm-none-eabi/lib/thumb/v7e-m+fp/hard\libc_nano.a(libc_a-fwalk.o)
                              C:/ST/STM32CubeIDE_1.14.1/STM32CubeIDE/plugins/com.st.stm32cube.ide.mcu.externaltools.gnu-tools-for-stm32.12.3.rel1.win32_1.0.200.202406191623/tools/bin/../lib/gcc/arm-none-eabi/12.3.1/../../../../arm-none-eabi/lib/thumb/v7e-m+fp/hard\libc_nano.a(libc_a-findfp.o) (_fwalk_sglue)
C:/ST/STM32CubeIDE_1.14.1/STM32CubeIDE/plugins/com.st.stm32cube.ide.mcu.externaltools.gnu-tools-for-stm32.12.3.rel1.win32_1.0.200.202406191623/tools/bin/../lib/gcc/arm-none-eabi/12.3.1/../../../../arm-none-eabi/lib/thumb/v7e-m+fp/hard\libc_nano.a(libc_a-stdio.o)
                              C:/ST/STM32CubeIDE_1.14.1/STM32CubeIDE/plugins/com.st.stm32cube.ide.mcu.externaltools.gnu-tools-for-stm32.12.3.rel1.win32_1.0.200.202406191623/tools/bin/../lib/gcc/arm-none-eabi/12.3.1/../../../../arm-none-eabi/lib/thumb/v7e-m+fp/hard\libc_nano.a(libc_a-findfp.o) (__sread)
C:/ST/STM32CubeIDE_1.14.1/STM32CubeIDE/plugins/com.st.stm32cube.ide.mcu.externaltools.gnu-tools-for-stm32.12.3.rel1.win32_1.0.200.202406191623/tools/bin/../lib/gcc/arm-none-eabi/12.3.1/../../../../arm-none-eabi/lib/thumb/v7e-m+fp/hard\libc_nano.a(libc_a-memset.o)
                              C:/ST/STM32CubeIDE_1.14.1/STM32CubeIDE/plugins/com.st.stm32cube.ide.mcu.externaltools.gnu-tools-for-stm32.12.3.rel1.win32_1.0.200.202406191623/tools/bin/../lib/gcc/arm-none-eabi/12.3.1/../../../../arm-none-eabi/lib/thumb/v7e-m+fp/hard/crt0.o (memset)
C:/ST/STM32CubeIDE_1.14.1/STM32CubeIDE/plugins/com.st.stm32cube.ide.mcu.externaltools.gnu-tools-for-stm32.12.3.rel1.win32_1.0.200.202406191623/tools/bin/../lib/gcc/arm-none-eabi/12.3.1/../../../../arm-none-eabi/lib/thumb/v7e-m+fp/hard\libc_nano.a(libc_a-closer.o)
                              C:/ST/STM32CubeIDE_1.14.1/STM32CubeIDE/plugins/com.st.stm32cube.ide.mcu.externaltools.gnu-tools-for-stm32.12.3.rel1.win32_1.0.200.202406191623/tools/bin/../lib/gcc/arm-none-eabi/12.3.1/../../../../arm-none-eabi/lib/thumb/v7e-m+fp/hard\libc_nano.a(libc_a-stdio.o) (_close_r)
C:/ST/STM32CubeIDE_1.14.1/STM32CubeIDE/plugins/com.st.stm32cube.ide.mcu.externaltools.gnu-tools-for-stm32.12.3.rel1.win32_1.0.200.202406191623/tools/bin/../lib/gcc/arm-none-eabi/12.3.1/../../../../arm-none-eabi/lib/thumb/v7e-m+fp/hard\libc_nano.a(libc_a-reent.o)
                              C:/ST/STM32CubeIDE_1.14.1/STM32CubeIDE/plugins/com.st.stm32cube.ide.mcu.externaltools.gnu-tools-for-stm32.12.3.rel1.win32_1.0.200.202406191623/tools/bin/../lib/gcc/arm-none-eabi/12.3.1/../../../../arm-none-eabi/lib/thumb/v7e-m+fp/hard\libc_nano.a(libc_a-closer.o) (errno)
C:/ST/STM32CubeIDE_1.14.1/STM32CubeIDE/plugins/com.st.stm32cube.ide.mcu.externaltools.gnu-tools-for-stm32.12.3.rel1.win32_1.0.200.202406191623/tools/bin/../lib/gcc/arm-none-eabi/12.3.1/../../../../arm-none-eabi/lib/thumb/v7e-m+fp/hard\libc_nano.a(libc_a-impure.o)
                              C:/ST/STM32CubeIDE_1.14.1/STM32CubeIDE/plugins/com.st.stm32cube.ide.mcu.externaltools.gnu-tools-for-stm32.12.3.rel1.win32_1.0.200.202406191623/tools/bin/../lib/gcc/arm-none-eabi/12.3.1/../../../../arm-none-eabi/lib/thumb/v7e-m+fp/hard\libc_nano.a(libc_a-reent.o) (_impure_ptr)
C:/ST/STM32CubeIDE_1.14.1/STM32CubeIDE/plugins/com.st.stm32cube.ide.mcu.externaltools.gnu-tools-for-stm32.12.3.rel1.win32_1.0.200.202406191623/tools/bin/../lib/gcc/arm-none-eabi/12.3.1/../../../../arm-none-eabi/lib/thumb/v7e-m+fp/hard\libc_nano.a(libc_a-lseekr.o)
[...]
Memory Configuration

Name             Origin             Length             Attributes
CCMRAM           0x10000000         0x00010000         xrw
RAM              0x20000000         0x00020000         xrw
FLASH            0x08000000         0x00100000         xr
*default*        0x00000000         0xffffffff

Linker script and memory map

LOAD C:/ST/STM32CubeIDE_1.14.1/STM32CubeIDE/plugins/com.st.stm32cube.ide.mcu.externaltools.gnu-tools-for-stm32.12.3.rel1.win32_1.0.200.202406191623/tools/bin/../lib/gcc/arm-none-eabi/12.3.1/thumb/v7e-m+fp/hard/crti.o
LOAD C:/ST/STM32CubeIDE_1.14.1/STM32CubeIDE/plugins/com.st.stm32cube.ide.mcu.externaltools.gnu-tools-for-stm32.12.3.rel1.win32_1.0.200.202406191623/tools/bin/../lib/gcc/arm-none-eabi/12.3.1/thumb/v7e-m+fp/hard/crtbegin.o
LOAD C:/ST/STM32CubeIDE_1.14.1/STM32CubeIDE/plugins/com.st.stm32cube.ide.mcu.externaltools.gnu-tools-for-stm32.12.3.rel1.win32_1.0.200.202406191623/tools/bin/../lib/gcc/arm-none-eabi/12.3.1/../../../../arm-none-eabi/lib/thumb/v7e-m+fp/hard/crt0.o
LOAD ./Core/Src/main.o
LOAD ./Core/Src/stm32f4xx_hal_msp.o
LOAD ./Core/Src/stm32f4xx_it.o
LOAD ./Core/Src/syscalls.o
LOAD ./Core/Src/sysmem.o
LOAD ./Core/Src/system_stm32f4xx.o
LOAD ./Core/Startup/startup_stm32f407vgtx.o
LOAD ./Drivers/STM32F4xx_HAL_Driver/Src/stm32f4xx_hal.o
LOAD ./Drivers/STM32F4xx_HAL_Driver/Src/stm32f4xx_hal_cortex.o
LOAD ./Drivers/STM32F4xx_HAL_Driver/Src/stm32f4xx_hal_dma.o
LOAD ./Drivers/STM32F4xx_HAL_Driver/Src/stm32f4xx_hal_dma_ex.o
LOAD ./Drivers/STM32F4xx_HAL_Driver/Src/stm32f4xx_hal_exti.o
LOAD ./Drivers/STM32F4xx_HAL_Driver/Src/stm32f4xx_hal_flash.o
LOAD ./Drivers/STM32F4xx_HAL_Driver/Src/stm32f4xx_hal_flash_ex.o
LOAD ./Drivers/STM32F4xx_HAL_Driver/Src/stm32f4xx_hal_flash_ramfunc.o
LOAD ./Drivers/STM32F4xx_HAL_Driver/Src/stm32f4xx_hal_gpio.o
LOAD ./Drivers/STM32F4xx_HAL_Driver/Src/stm32f4xx_hal_i2c.o
LOAD ./Drivers/STM32F4xx_HAL_Driver/Src/stm32f4xx_hal_i2c_ex.o
LOAD ./Drivers/STM32F4xx_HAL_Driver/Src/stm32f4xx_hal_pwr.o
LOAD ./Drivers/STM32F4xx_HAL_Driver/Src/stm32f4xx_hal_pwr_ex.o
LOAD ./Drivers/STM32F4xx_HAL_Driver/Src/stm32f4xx_hal_rcc.o
LOAD ./Drivers/STM32F4xx_HAL_Driver/Src/stm32f4xx_hal_rcc_ex.o
LOAD ./Drivers/STM32F4xx_HAL_Driver/Src/stm32f4xx_hal_tim.o
LOAD ./Drivers/STM32F4xx_HAL_Driver/Src/stm32f4xx_hal_tim_ex.o
START GROUP
LOAD C:/ST/STM32CubeIDE_1.14.1/STM32CubeIDE/plugins/com.st.stm32cube.ide.mcu.externaltools.gnu-tools-for-stm32.12.3.rel1.win32_1.0.200.202406191623/tools/bin/../lib/gcc/arm-none-eabi/12.3.1/../../../../arm-none-eabi/lib/thumb/v7e-m+fp/hard\libc_nano.a
LOAD C:/ST/STM32CubeIDE_1.14.1/STM32CubeIDE/plugins/com.st.stm32cube.ide.mcu.externaltools.gnu-tools-for-stm32.12.3.rel1.win32_1.0.200.202406191623/tools/bin/../lib/gcc/arm-none-eabi/12.3.1/../../../../arm-none-eabi/lib/thumb/v7e-m+fp/hard\libm.a
END GROUP
START GROUP
LOAD C:/ST/STM32CubeIDE_1.14.1/STM32CubeIDE/plugins/com.st.stm32cube.ide.mcu.externaltools.gnu-tools-for-stm32.12.3.rel1.win32_1.0.200.202406191623/tools/bin/../lib/gcc/arm-none-eabi/12.3.1/thumb/v7e-m+fp/hard\libgcc.a
LOAD C:/ST/STM32CubeIDE_1.14.1/STM32CubeIDE/plugins/com.st.stm32cube.ide.mcu.externaltools.gnu-tools-for-stm32.12.3.rel1.win32_1.0.200.202406191623/tools/bin/../lib/gcc/arm-none-eabi/12.3.1/../../../../arm-none-eabi/lib/thumb/v7e-m+fp/hard\libc_nano.a
END GROUP
START GROUP
LOAD C:/ST/STM32CubeIDE_1.14.1/STM32CubeIDE/plugins/com.st.stm32cube.ide.mcu.externaltools.gnu-tools-for-stm32.12.3.rel1.win32_1.0.200.202406191623/tools/bin/../lib/gcc/arm-none-eabi/12.3.1/thumb/v7e-m+fp/hard\libgcc.a
LOAD C:/ST/STM32CubeIDE_1.14.1/STM32CubeIDE/plugins/com.st.stm32cube.ide.mcu.externaltools.gnu-tools-for-stm32.12.3.rel1.win32_1.0.200.202406191623/tools/bin/../lib/gcc/arm-none-eabi/12.3.1/../../../../arm-none-eabi/lib/thumb/v7e-m+fp/hard\libc_nano.a
LOAD C:/ST/STM32CubeIDE_1.14.1/STM32CubeIDE/plugins/com.st.stm32cube.ide.mcu.externaltools.gnu-tools-for-stm32.12.3.rel1.win32_1.0.200.202406191623/tools/bin/../lib/gcc/arm-none-eabi/12.3.1/../../../../arm-none-eabi/lib/thumb/v7e-m+fp/hard\libnosys.a
END GROUP
START GROUP
LOAD C:/ST/STM32CubeIDE_1.14.1/STM32CubeIDE/plugins/com.st.stm32cube.ide.mcu.externaltools.gnu-tools-for-stm32.12.3.rel1.win32_1.0.200.202406191623/tools/bin/../lib/gcc/arm-none-eabi/12.3.1/thumb/v7e-m+fp/hard\libgcc.a
LOAD C:/ST/STM32CubeIDE_1.14.1/STM32CubeIDE/plugins/com.st.stm32cube.ide.mcu.externaltools.gnu-tools-for-stm32.12.3.rel1.win32_1.0.200.202406191623/tools/bin/../lib/gcc/arm-none-eabi/12.3.1/../../../../arm-none-eabi/lib/thumb/v7e-m+fp/hard\libc_nano.a
LOAD C:/ST/STM32CubeIDE_1.14.1/STM32CubeIDE/plugins/com.st.stm32cube.ide.mcu.externaltools.gnu-tools-for-stm32.12.3.rel1.win32_1.0.200.202406191623/tools/bin/../lib/gcc/arm-none-eabi/12.3.1/../../../../arm-none-eabi/lib/thumb/v7e-m+fp/hard\libnosys.a
END GROUP
LOAD C:/ST/STM32CubeIDE_1.14.1/STM32CubeIDE/plugins/com.st.stm32cube.ide.mcu.externaltools.gnu-tools-for-stm32.12.3.rel1.win32_1.0.200.202406191623/tools/bin/../lib/gcc/arm-none-eabi/12.3.1/thumb/v7e-m+fp/hard/crtend.o
LOAD C:/ST/STM32CubeIDE_1.14.1/STM32CubeIDE/plugins/com.st.stm32cube.ide.mcu.externaltools.gnu-tools-for-stm32.12.3.rel1.win32_1.0.200.202406191623/tools/bin/../lib/gcc/arm-none-eabi/12.3.1/thumb/v7e-m+fp/hard/crtn.o
                0x20020000                        _estack = (ORIGIN (RAM) + LENGTH (RAM))
                0x00000200                        _Min_Heap_Size = 0x200
                0x00000400                        _Min_Stack_Size = 0x400

.isr_vector     0x08000000      0x188
                0x08000000                        . = ALIGN (0x4)
 *(.isr_vector)
 .isr_vector    0x08000000      0x188 ./Core/Startup/startup_stm32f407vgtx.o
                0x08000000                g_pfnVectors
                0x08000188                        . = ALIGN (0x4)

.text           0x08000188     0x6c80
                0x08000188                        . = ALIGN (0x4)
 *(.text)
 .text          0x08000188       0x40 C:/ST/STM32CubeIDE_1.14.1/STM32CubeIDE/plugins/com.st.stm32cube.ide.mcu.externaltools.gnu-tools-for-stm32.12.3.rel1.win32_1.0.200.202406191623/tools/bin/../lib/gcc/arm-none-eabi/12.3.1/thumb/v7e-m+fp/hard/crtbegin.o
 .text          0x080001c8      0x378 C:/ST/STM32CubeIDE_1.14.1/STM32CubeIDE/plugins/com.st.stm32cube.ide.mcu.externaltools.gnu-tools-for-stm32.12.3.rel1.win32_1.0.200.202406191623/tools/bin/../lib/gcc/arm-none-eabi/12.3.1/thumb/v7e-m+fp/hard\libgcc.a(_arm_addsubdf3.o)
                0x080001c8                __aeabi_drsub
                0x080001d0                __aeabi_dsub
                0x080001d0                __subdf3
                0x080001d4                __aeabi_dadd
                0x080001d4                __adddf3
                0x0800044c                __floatunsidf
                0x0800044c                __aeabi_ui2d
                0x0800046c                __floatsidf
                0x0800046c                __aeabi_i2d
                0x08000490                __aeabi_f2d
                0x08000490                __extendsfdf2
                0x080004d4                __floatundidf
                0x080004d4                __aeabi_ul2d
                0x080004e4                __floatdidf
                0x080004e4                __aeabi_l2d
 .text          0x08000540      0x424 C:/ST/STM32CubeIDE_1.14.1/STM32CubeIDE/plugins/com.st.stm32cube.ide.mcu.externaltools.gnu-tools-for-stm32.12.3.rel1.win32_1.0.200.202406191623/tools/bin/../lib/gcc/arm-none-eabi/12.3.1/thumb/v7e-m+fp/hard\libgcc.a(_arm_muldivdf3.o)
                0x08000540                __aeabi_dmul
                0x08000540                __muldf3
                0x08000794                __divdf3
                0x08000794                __aeabi_ddiv
 .text          0x08000964       0xa0 C:/ST/STM32CubeIDE_1.14.1/STM32CubeIDE/plugins/com.st.stm32cube.ide.mcu.externaltools.gnu-tools-for-stm32.12.3.rel1.win32_1.0.200.202406191623/tools/bin/../lib/gcc/arm-none-eabi/12.3.1/thumb/v7e-m+fp/hard\libgcc.a(_arm_truncdfsf2.o)
                0x08000964                __truncdfsf2
                0x08000964                __aeabi_d2f
 .text          0x08000a04       0x30 C:/ST/STM32CubeIDE_1.14.1/STM32CubeIDE/plugins/com.st.stm32cube.ide.mcu.externaltools.gnu-tools-for-stm32.12.3.rel1.win32_1.0.200.202406191623/tools/bin/../lib/gcc/arm-none-eabi/12.3.1/thumb/v7e-m+fp/hard\libgcc.a(_aeabi_uldivmod.o)
                0x08000a04                __aeabi_uldivmod
 .text          0x08000a34      0x2bc C:/ST/STM32CubeIDE_1.14.1/STM32CubeIDE/plugins/com.st.stm32cube.ide.mcu.externaltools.gnu-tools-for-stm32.12.3.rel1.win32_1.0.200.202406191623/tools/bin/../lib/gcc/arm-none-eabi/12.3.1/thumb/v7e-m+fp/hard\libgcc.a(_udivmoddi4.o)
                0x08000a34                __udivmoddi4
 .text          0x08000cf0        0x4 C:/ST/STM32CubeIDE_1.14.1/STM32CubeIDE/plugins/com.st.stm32cube.ide.mcu.externaltools.gnu-tools-for-stm32.12.3.rel1.win32_1.0.200.202406191623/tools/bin/../lib/gcc/arm-none-eabi/12.3.1/thumb/v7e-m+fp/hard\libgcc.a(_dvmd_tls.o)
                0x08000cf0                __aeabi_idiv0
                0x08000cf0                __aeabi_ldiv0
 *(.text*)
 .text.velocalculate
                0x08000cf4       0x4c ./Core/Src/main.o
                0x08000cf4                velocalculate
 .text.motorrhiz
                0x08000d40       0x88 ./Core/Src/main.o
                0x08000d40                motorrhiz
 .text.drive_func
                0x08000dc8       0x34 ./Core/Src/main.o
                0x08000dc8                drive_func
 *fill*         0x08000dfc        0x4 
 .text.motorfonksiyon_pid
                0x08000e00      0x15c ./Core/Src/main.o
                0x08000e00                motorfonksiyon_pid
 *fill*         0x08000f5c        0x4 
 .text.motorfonksiyon_pid_i2c
                0x08000f60      0x10c ./Core/Src/main.o
                0x08000f60                motorfonksiyon_pid_i2c
 .text.drive_func_i2c
                0x0800106c       0x20 ./Core/Src/main.o
                0x0800106c                drive_func_i2c
 .text.i2c_sum  0x0800108c       0x78 ./Core/Src/main.o
                0x0800108c                i2c_sum
 .text.main     0x08001104      0x3dc ./Core/Src/main.o
                0x08001104                main
 .text.SystemClock_Config
                0x080014e0       0xd4 ./Core/Src/main.o
                0x080014e0                SystemClock_Config
 .text.MX_I2C1_Init
                0x080015b4       0x5c ./Core/Src/main.o
 .text.MX_I2C2_Init
                0x08001610       0x5c ./Core/Src/main.o
 .text.MX_TIM1_Init
                0x0800166c      0x158 ./Core/Src/main.o
 .text.MX_TIM2_Init
                0x080017c4       0x98 ./Core/Src/main.o
 .text.MX_TIM3_Init
                0x0800185c      0x12c ./Core/Src/main.o
 .text.MX_TIM4_Init
                0x08001988       0xe4 ./Core/Src/main.o
 .text.MX_TIM5_Init
                0x08001a6c       0x9c ./Core/Src/main.o
 .text.MX_GPIO_Init
                0x08001b08      0x258 ./Core/Src/main.o
 .text.HAL_I2C_AddrCallback
                0x08001d60       0x6c ./Core/Src/main.o
                0x08001d60                HAL_I2C_AddrCallback
 .text.HAL_I2C_ListenCpltCallback
                0x08001dcc       0x44 ./Core/Src/main.o
                0x08001dcc                HAL_I2C_ListenCpltCallback
 .text.HAL_I2C_ErrorCallback
                0x08001e10       0x44 ./Core/Src/main.o
                0x08001e10                HAL_I2C_ErrorCallback
 .text.Error_Handler
                0x08001e54        0xc ./Core/Src/main.o
                0x08001e54                Error_Handler
 .text.HAL_MspInit
                0x08001e60       0x50 ./Core/Src/stm32f4xx_hal_msp.o
                0x08001e60                HAL_MspInit
 .text.HAL_I2C_MspInit
                0x08001eb0      0x138 ./Core/Src/stm32f4xx_hal_msp.o
                0x08001eb0                HAL_I2C_MspInit
 .text.HAL_TIM_Base_MspInit
                0x08001fe8      0x14c ./Core/Src/stm32f4xx_hal_msp.o
                0x08001fe8                HAL_TIM_Base_MspInit
 .text.HAL_TIM_MspPostInit
                0x08002134      0x108 ./Core/Src/stm32f4xx_hal_msp.o
                0x08002134                HAL_TIM_MspPostInit
 .text.NMI_Handler
                0x0800223c        0x8 ./Core/Src/stm32f4xx_it.o
                0x0800223c                NMI_Handler
 .text.HardFault_Handler
                0x08002244        0x8 ./Core/Src/stm32f4xx_it.o
                0x08002244                HardFault_Handler
 .text.MemManage_Handler
                0x0800224c        0x8 ./Core/Src/stm32f4xx_it.o
                0x0800224c                MemManage_Handler
 .text.BusFault_Handler
                0x08002254        0x8 ./Core/Src/stm32f4xx_it.o
                0x08002254                BusFault_Handler
 .text.UsageFault_Handler
                0x0800225c        0x8 ./Core/Src/stm32f4xx_it.o
                0x0800225c                UsageFault_Handler
 .text.SVC_Handler
                0x08002264        0xe ./Core/Src/stm32f4xx_it.o
                0x08002264                SVC_Handler
 .text.DebugMon_Handler
                0x08002272        0xe ./Core/Src/stm32f4xx_it.o
                0x08002272                DebugMon_Handler
 .text.PendSV_Handler
                0x08002280        0xe ./Core/Src/stm32f4xx_it.o
                0x08002280                PendSV_Handler
 *fill*         0x0800228e        0x2 
 .text.SysTick_Handler
                0x08002290       0x9c ./Core/Src/stm32f4xx_it.o
                0x08002290                SysTick_Handler
 .text.EXTI0_IRQHandler
                0x0800232c       0x70 ./Core/Src/stm32f4xx_it.o
                0x0800232c                EXTI0_IRQHandler
 .text.EXTI1_IRQHandler
                0x0800239c       0x70 ./Core/Src/stm32f4xx_it.o
                0x0800239c                EXTI1_IRQHandler
 .text.EXTI2_IRQHandler
                0x0800240c       0x74 ./Core/Src/stm32f4xx_it.o
                0x0800240c                EXTI2_IRQHandler
 .text.EXTI3_IRQHandler
                0x08002480       0x90 ./Core/Src/stm32f4xx_it.o
                0x08002480                EXTI3_IRQHandler
 .text.EXTI4_IRQHandler
                0x08002510        0xe ./Core/Src/stm32f4xx_it.o
                0x08002510                EXTI4_IRQHandler
 .text.EXTI9_5_IRQHandler
                0x0800251e       0x1a ./Core/Src/stm32f4xx_it.o
                0x0800251e                EXTI9_5_IRQHandler
 .text.TIM4_IRQHandler
                0x08002538       0xb0 ./Core/Src/stm32f4xx_it.o
                0x08002538                TIM4_IRQHandler
 .text.I2C1_EV_IRQHandler
                0x080025e8       0x14 ./Core/Src/stm32f4xx_it.o
                0x080025e8                I2C1_EV_IRQHandler
 .text.I2C1_ER_IRQHandler
                0x080025fc       0x14 ./Core/Src/stm32f4xx_it.o
                0x080025fc                I2C1_ER_IRQHandler
 .text.I2C2_EV_IRQHandler
                0x08002610       0x14 ./Core/Src/stm32f4xx_it.o
                0x08002610                I2C2_EV_IRQHandler
 .text.I2C2_ER_IRQHandler
                0x08002624       0x14 ./Core/Src/stm32f4xx_it.o
                0x08002624                I2C2_ER_IRQHandler
 .text.EXTI15_10_IRQHandler
                0x08002638       0xac ./Core/Src/stm32f4xx_it.o
                0x08002638                EXTI15_10_IRQHandler
 .text.SystemInit
                0x080026e4       0x24 ./Core/Src/system_stm32f4xx.o
                0x080026e4                SystemInit
 .text.Reset_Handler
                0x08002708       0x50 ./Core/Startup/startup_stm32f407vgtx.o
                0x08002708                Reset_Handler
 .text.Default_Handler
                0x08002758        0x2 ./Core/Startup/startup_stm32f407vgtx.o
                0x08002758                RTC_Alarm_IRQHandler
                0x08002758                HASH_RNG_IRQHandler
                0x08002758                TIM8_CC_IRQHandler
                0x08002758                TIM1_CC_IRQHandler
                0x08002758                DMA2_Stream5_IRQHandler
                0x08002758                DMA1_Stream5_IRQHandler
                0x08002758                PVD_IRQHandler
                0x08002758                SDIO_IRQHandler
                0x08002758                TAMP_STAMP_IRQHandler
                0x08002758                CAN2_RX1_IRQHandler
                0x08002758                TIM8_TRG_COM_TIM14_IRQHandler
                0x08002758                TIM1_UP_TIM10_IRQHandler
                0x08002758                TIM8_UP_TIM13_IRQHandler
                0x08002758                I2C3_ER_IRQHandler
                0x08002758                DMA1_Stream2_IRQHandler
                0x08002758                CAN1_RX0_IRQHandler
                0x08002758                FPU_IRQHandler
                0x08002758                OTG_HS_WKUP_IRQHandler
                0x08002758                CAN2_SCE_IRQHandler
                0x08002758                DMA2_Stream2_IRQHandler
                0x08002758                SPI1_IRQHandler
                0x08002758                TIM6_DAC_IRQHandler
                0x08002758                TIM1_BRK_TIM9_IRQHandler
                0x08002758                DCMI_IRQHandler
                0x08002758                CAN2_RX0_IRQHandler
                0x08002758                DMA2_Stream3_IRQHandler
                0x08002758                USART6_IRQHandler
                0x08002758                USART3_IRQHandler
                0x08002758                CAN1_RX1_IRQHandler
                0x08002758                UART5_IRQHandler
                0x08002758                DMA2_Stream0_IRQHandler
                0x08002758                DMA1_Stream6_IRQHandler
                0x08002758                DMA1_Stream1_IRQHandler
                0x08002758                UART4_IRQHandler
                0x08002758                TIM3_IRQHandler
                0x08002758                RCC_IRQHandler
                0x08002758                TIM8_BRK_TIM12_IRQHandler
                0x08002758                Default_Handler
                0x08002758                ADC_IRQHandler
                0x08002758                DMA1_Stream7_IRQHandler
                0x08002758                TIM7_IRQHandler
                0x08002758                CAN2_TX_IRQHandler
                0x08002758                TIM5_IRQHandler
                0x08002758                DMA2_Stream7_IRQHandler
                0x08002758                I2C3_EV_IRQHandler
                0x08002758                RTC_WKUP_IRQHandler
                0x08002758                ETH_WKUP_IRQHandler
                0x08002758                SPI2_IRQHandler
                0x08002758                OTG_HS_EP1_IN_IRQHandler
                0x08002758                DMA1_Stream0_IRQHandler
                0x08002758                CAN1_TX_IRQHandler
                0x08002758                FSMC_IRQHandler
                0x08002758                ETH_IRQHandler
                0x08002758                OTG_HS_EP1_OUT_IRQHandler
                0x08002758                WWDG_IRQHandler
                0x08002758                TIM2_IRQHandler
                0x08002758                OTG_FS_WKUP_IRQHandler
                0x08002758                TIM1_TRG_COM_TIM11_IRQHandler
                0x08002758                OTG_HS_IRQHandler
                0x08002758                USART2_IRQHandler
                0x08002758                DMA2_Stream1_IRQHandler
                0x08002758                CAN1_SCE_IRQHandler
                0x08002758                FLASH_IRQHandler
                0x08002758                DMA2_Stream4_IRQHandler
                0x08002758                USART1_IRQHandler
                0x08002758                OTG_FS_IRQHandler
                0x08002758                SPI3_IRQHandler
                0x08002758                DMA1_Stream4_IRQHandler
                0x08002758                DMA2_Stream6_IRQHandler
                0x08002758                DMA1_Stream3_IRQHandler
 *fill*         0x0800275a        0x2 
 .text.HAL_Init
                0x0800275c       0x44 ./Drivers/STM32F4xx_HAL_Driver/Src/stm32f4xx_hal.o
                0x0800275c                HAL_Init
 .text.HAL_InitTick
                0x080027a0       0x60 ./Drivers/STM32F4xx_HAL_Driver/Src/stm32f4xx_hal.o
                0x080027a0                HAL_InitTick
 .text.HAL_IncTick
                0x08002800       0x28 ./Drivers/STM32F4xx_HAL_Driver/Src/stm32f4xx_hal.o
                0x08002800                HAL_IncTick
 .text.HAL_GetTick
                0x08002828       0x18 ./Drivers/STM32F4xx_HAL_Driver/Src/stm32f4xx_hal.o
                0x08002828                HAL_GetTick
 .text.__NVIC_SetPriorityGrouping
                0x08002840       0x48 ./Drivers/STM32F4xx_HAL_Driver/Src/stm32f4xx_hal_cortex.o
 .text.__NVIC_GetPriorityGrouping
                0x08002888       0x1c ./Drivers/STM32F4xx_HAL_Driver/Src/stm32f4xx_hal_cortex.o
 .text.__NVIC_EnableIRQ
                0x080028a4       0x3c ./Drivers/STM32F4xx_HAL_Driver/Src/stm32f4xx_hal_cortex.o
 .text.__NVIC_SetPriority
                0x080028e0       0x54 ./Drivers/STM32F4xx_HAL_Driver/Src/stm32f4xx_hal_cortex.o
 .text.NVIC_EncodePriority
                0x08002934       0x66 ./Drivers/STM32F4xx_HAL_Driver/Src/stm32f4xx_hal_cortex.o
 *fill*         0x0800299a        0x2 
 .text.SysTick_Config
                0x0800299c       0x44 ./Drivers/STM32F4xx_HAL_Driver/Src/stm32f4xx_hal_cortex.o
 .text.HAL_NVIC_SetPriorityGrouping
                0x080029e0       0x16 ./Drivers/STM32F4xx_HAL_Driver/Src/stm32f4xx_hal_cortex.o
                0x080029e0                HAL_NVIC_SetPriorityGrouping
 .text.HAL_NVIC_SetPriority
                0x080029f6       0x38 ./Drivers/STM32F4xx_HAL_Driver/Src/stm32f4xx_hal_cortex.o
                0x080029f6                HAL_NVIC_SetPriority
 .text.HAL_NVIC_EnableIRQ
                0x08002a2e       0x1c ./Drivers/STM32F4xx_HAL_Driver/Src/stm32f4xx_hal_cortex.o
                0x08002a2e                HAL_NVIC_EnableIRQ
 .text.HAL_SYSTICK_Config
                0x08002a4a       0x18 ./Drivers/STM32F4xx_HAL_Driver/Src/stm32f4xx_hal_cortex.o
                0x08002a4a                HAL_SYSTICK_Config
 .text.HAL_DMA_Abort_IT
                0x08002a62       0x44 ./Drivers/STM32F4xx_HAL_Driver/Src/stm32f4xx_hal_dma.o
                0x08002a62                HAL_DMA_Abort_IT
 .text.HAL_DMA_GetState
                0x08002aa6       0x1c ./Drivers/STM32F4xx_HAL_Driver/Src/stm32f4xx_hal_dma.o
                0x08002aa6                HAL_DMA_GetState
 *fill*         0x08002ac2        0x2 
 .text.HAL_GPIO_Init
                0x08002ac4      0x338 ./Drivers/STM32F4xx_HAL_Driver/Src/stm32f4xx_hal_gpio.o
                0x08002ac4                HAL_GPIO_Init
 .text.HAL_GPIO_ReadPin
                0x08002dfc       0x30 ./Drivers/STM32F4xx_HAL_Driver/Src/stm32f4xx_hal_gpio.o
                0x08002dfc                HAL_GPIO_ReadPin
 .text.HAL_GPIO_WritePin
                0x08002e2c       0x32 ./Drivers/STM32F4xx_HAL_Driver/Src/stm32f4xx_hal_gpio.o
                0x08002e2c                HAL_GPIO_WritePin
 *fill*         0x08002e5e        0x2 
 .text.HAL_GPIO_EXTI_IRQHandler
                0x08002e60       0x30 ./Drivers/STM32F4xx_HAL_Driver/Src/stm32f4xx_hal_gpio.o
                0x08002e60                HAL_GPIO_EXTI_IRQHandler
 .text.HAL_GPIO_EXTI_Callback
                0x08002e90       0x16 ./Drivers/STM32F4xx_HAL_Driver/Src/stm32f4xx_hal_gpio.o
                0x08002e90                HAL_GPIO_EXTI_Callback
 *fill*         0x08002ea6        0x2 
 .text.HAL_I2C_Init
                0x08002ea8      0x288 ./Drivers/STM32F4xx_HAL_Driver/Src/stm32f4xx_hal_i2c.o
                0x08002ea8                HAL_I2C_Init
 .text.I2C_Flush_DR
                0x08003130       0x2a ./Drivers/STM32F4xx_HAL_Driver/Src/stm32f4xx_hal_i2c.o
 .text.HAL_I2C_Slave_Seq_Transmit_IT
                0x0800315a       0xe6 ./Drivers/STM32F4xx_HAL_Driver/Src/stm32f4xx_hal_i2c.o
                0x0800315a                HAL_I2C_Slave_Seq_Transmit_IT
 .text.HAL_I2C_Slave_Seq_Receive_IT
                0x08003240       0xe6 ./Drivers/STM32F4xx_HAL_Driver/Src/stm32f4xx_hal_i2c.o
                0x08003240                HAL_I2C_Slave_Seq_Receive_IT
 .text.HAL_I2C_EnableListen_IT
                0x08003326       0x6c ./Drivers/STM32F4xx_HAL_Driver/Src/stm32f4xx_hal_i2c.o
                0x08003326                HAL_I2C_EnableListen_IT
 .text.HAL_I2C_EV_IRQHandler
                0x08003392      0x2a6 ./Drivers/STM32F4xx_HAL_Driver/Src/stm32f4xx_hal_i2c.o
                0x08003392                HAL_I2C_EV_IRQHandler
 .text.HAL_I2C_ER_IRQHandler
                0x08003638      0x13e ./Drivers/STM32F4xx_HAL_Driver/Src/stm32f4xx_hal_i2c.o
                0x08003638                HAL_I2C_ER_IRQHandler
 .text.HAL_I2C_MasterTxCpltCallback
                0x08003776       0x14 ./Drivers/STM32F4xx_HAL_Driver/Src/stm32f4xx_hal_i2c.o
                0x08003776                HAL_I2C_MasterTxCpltCallback
 .text.HAL_I2C_MasterRxCpltCallback
                0x0800378a       0x14 ./Drivers/STM32F4xx_HAL_Driver/Src/stm32f4xx_hal_i2c.o
                0x0800378a                HAL_I2C_MasterRxCpltCallback
 .text.HAL_I2C_SlaveTxCpltCallback
                0x0800379e       0x14 ./Drivers/STM32F4xx_HAL_Driver/Src/stm32f4xx_hal_i2c.o
                0x0800379e                HAL_I2C_SlaveTxCpltCallback
 .text.HAL_I2C_SlaveRxCpltCallback
                0x080037b2       0x14 ./Drivers/STM32F4xx_HAL_Driver/Src/stm32f4xx_hal_i2c.o
                0x080037b2                HAL_I2C_SlaveRxCpltCallback
 .text.HAL_I2C_MemTxCpltCallback
                0x080037c6       0x14 ./Drivers/STM32F4xx_HAL_Driver/Src/stm32f4xx_hal_i2c.o
                0x080037c6                HAL_I2C_MemTxCpltCallback
 .text.HAL_I2C_MemRxCpltCallback
                0x080037da       0x14 ./Drivers/STM32F4xx_HAL_Driver/Src/stm32f4xx_hal_i2c.o
                0x080037da                HAL_I2C_MemRxCpltCallback
 .text.HAL_I2C_AbortCpltCallback
                0x080037ee       0x14 ./Drivers/STM32F4xx_HAL_Driver/Src/stm32f4xx_hal_i2c.o
                0x080037ee                HAL_I2C_AbortCpltCallback
 .text.I2C_MasterTransmit_TXE
                0x08003802      0x138 ./Drivers/STM32F4xx_HAL_Driver/Src/stm32f4xx_hal_i2c.o
 .text.I2C_MasterTransmit_BTF
                0x0800393a       0xec ./Drivers/STM32F4xx_HAL_Driver/Src/stm32f4xx_hal_i2c.o
 .text.I2C_MemoryTransmit_TXE_BTF
                0x08003a26      0x130 ./Drivers/STM32F4xx_HAL_Driver/Src/stm32f4xx_hal_i2c.o
 .text.I2C_MasterReceive_RXNE
                0x08003b56      0x190 ./Drivers/STM32F4xx_HAL_Driver/Src/stm32f4xx_hal_i2c.o
 .text.I2C_MasterReceive_BTF
                0x08003ce6      0x1ea ./Drivers/STM32F4xx_HAL_Driver/Src/stm32f4xx_hal_i2c.o
 .text.I2C_Master_SB
                0x08003ed0      0x10c ./Drivers/STM32F4xx_HAL_Driver/Src/stm32f4xx_hal_i2c.o
 .text.I2C_Master_ADD10
                0x08003fdc       0x54 ./Drivers/STM32F4xx_HAL_Driver/Src/stm32f4xx_hal_i2c.o
 .text.I2C_Master_ADDR
                0x08004030      0x322 ./Drivers/STM32F4xx_HAL_Driver/Src/stm32f4xx_hal_i2c.o
 .text.I2C_SlaveTransmit_TXE
                0x08004352       0x7a ./Drivers/STM32F4xx_HAL_Driver/Src/stm32f4xx_hal_i2c.o
 .text.I2C_SlaveTransmit_BTF
                0x080043cc       0x42 ./Drivers/STM32F4xx_HAL_Driver/Src/stm32f4xx_hal_i2c.o
 .text.I2C_SlaveReceive_RXNE
                0x0800440e       0x7c ./Drivers/STM32F4xx_HAL_Driver/Src/stm32f4xx_hal_i2c.o
 .text.I2C_SlaveReceive_BTF
                0x0800448a       0x44 ./Drivers/STM32F4xx_HAL_Driver/Src/stm32f4xx_hal_i2c.o
 .text.I2C_Slave_ADDR
                0x080044ce       0x90 ./Drivers/STM32F4xx_HAL_Driver/Src/stm32f4xx_hal_i2c.o
 *fill*         0x0800455e        0x2 
 .text.I2C_Slave_STOPF
                0x08004560      0x260 ./Drivers/STM32F4xx_HAL_Driver/Src/stm32f4xx_hal_i2c.o
 .text.I2C_Slave_AF
                0x080047c0       0xe8 ./Drivers/STM32F4xx_HAL_Driver/Src/stm32f4xx_hal_i2c.o
 .text.I2C_ITError
                0x080048a8      0x264 ./Drivers/STM32F4xx_HAL_Driver/Src/stm32f4xx_hal_i2c.o
 .text.I2C_DMAAbort
                0x08004b0c      0x150 ./Drivers/STM32F4xx_HAL_Driver/Src/stm32f4xx_hal_i2c.o
 .text.I2C_WaitOnSTOPRequestThroughIT
                0x08004c5c       0x64 ./Drivers/STM32F4xx_HAL_Driver/Src/stm32f4xx_hal_i2c.o
 .text.I2C_ConvertOtherXferOptions
                0x08004cc0       0x36 ./Drivers/STM32F4xx_HAL_Driver/Src/stm32f4xx_hal_i2c.o
 *fill*         0x08004cf6        0x2 
 .text.HAL_RCC_OscConfig
                0x08004cf8      0x4f0 ./Drivers/STM32F4xx_HAL_Driver/Src/stm32f4xx_hal_rcc.o
                0x08004cf8                HAL_RCC_OscConfig
 .text.HAL_RCC_ClockConfig
                0x080051e8      0x1cc ./Drivers/STM32F4xx_HAL_Driver/Src/stm32f4xx_hal_rcc.o
                0x080051e8                HAL_RCC_ClockConfig
 .text.HAL_RCC_GetSysClockFreq
                0x080053b4      0x20c ./Drivers/STM32F4xx_HAL_Driver/Src/stm32f4xx_hal_rcc.o
                0x080053b4                HAL_RCC_GetSysClockFreq
 .text.HAL_RCC_GetHCLKFreq
                0x080055c0       0x18 ./Drivers/STM32F4xx_HAL_Driver/Src/stm32f4xx_hal_rcc.o
                0x080055c0                HAL_RCC_GetHCLKFreq
 .text.HAL_RCC_GetPCLK1Freq
                0x080055d8       0x28 ./Drivers/STM32F4xx_HAL_Driver/Src/stm32f4xx_hal_rcc.o
                0x080055d8                HAL_RCC_GetPCLK1Freq
 .text.HAL_TIM_Base_Init
                0x08005600       0x9e ./Drivers/STM32F4xx_HAL_Driver/Src/stm32f4xx_hal_tim.o
                0x08005600                HAL_TIM_Base_Init
 *fill*         0x0800569e        0x2 
 .text.HAL_TIM_Base_Start
                0x080056a0       0xd0 ./Drivers/STM32F4xx_HAL_Driver/Src/stm32f4xx_hal_tim.o
                0x080056a0                HAL_TIM_Base_Start
 .text.HAL_TIM_PWM_Init
                0x08005770       0x9e ./Drivers/STM32F4xx_HAL_Driver/Src/stm32f4xx_hal_tim.o
                0x08005770                HAL_TIM_PWM_Init
 .text.HAL_TIM_PWM_MspInit
                0x0800580e       0x14 ./Drivers/STM32F4xx_HAL_Driver/Src/stm32f4xx_hal_tim.o
                0x0800580e                HAL_TIM_PWM_MspInit
 *fill*         0x08005822        0x2 
 .text.HAL_TIM_PWM_Start
                0x08005824      0x190 ./Drivers/STM32F4xx_HAL_Driver/Src/stm32f4xx_hal_tim.o
                0x08005824                HAL_TIM_PWM_Start
 .text.HAL_TIM_IC_Init
                0x080059b4       0x9e ./Drivers/STM32F4xx_HAL_Driver/Src/stm32f4xx_hal_tim.o
                0x080059b4                HAL_TIM_IC_Init
 .text.HAL_TIM_IC_MspInit
                0x08005a52       0x14 ./Drivers/STM32F4xx_HAL_Driver/Src/stm32f4xx_hal_tim.o
                0x08005a52                HAL_TIM_IC_MspInit
 *fill*         0x08005a66        0x2 
 .text.HAL_TIM_IC_Start_IT
                0x08005a68      0x250 ./Drivers/STM32F4xx_HAL_Driver/Src/stm32f4xx_hal_tim.o
                0x08005a68                HAL_TIM_IC_Start_IT
 .text.HAL_TIM_IRQHandler
                0x08005cb8      0x1e0 ./Drivers/STM32F4xx_HAL_Driver/Src/stm32f4xx_hal_tim.o
                0x08005cb8                HAL_TIM_IRQHandler
 .text.HAL_TIM_IC_ConfigChannel
                0x08005e98      0x138 ./Drivers/STM32F4xx_HAL_Driver/Src/stm32f4xx_hal_tim.o
                0x08005e98                HAL_TIM_IC_ConfigChannel
 .text.HAL_TIM_PWM_ConfigChannel
                0x08005fd0      0x184 ./Drivers/STM32F4xx_HAL_Driver/Src/stm32f4xx_hal_tim.o
                0x08005fd0                HAL_TIM_PWM_ConfigChannel
 .text.HAL_TIM_ConfigClockSource
                0x08006154      0x18e ./Drivers/STM32F4xx_HAL_Driver/Src/stm32f4xx_hal_tim.o
                0x08006154                HAL_TIM_ConfigClockSource
 .text.HAL_TIM_PeriodElapsedCallback
                0x080062e2       0x14 ./Drivers/STM32F4xx_HAL_Driver/Src/stm32f4xx_hal_tim.o
                0x080062e2                HAL_TIM_PeriodElapsedCallback
 .text.HAL_TIM_OC_DelayElapsedCallback
                0x080062f6       0x14 ./Drivers/STM32F4xx_HAL_Driver/Src/stm32f4xx_hal_tim.o
                0x080062f6                HAL_TIM_OC_DelayElapsedCallback
 .text.HAL_TIM_IC_CaptureCallback
                0x0800630a       0x14 ./Drivers/STM32F4xx_HAL_Driver/Src/stm32f4xx_hal_tim.o
                0x0800630a                HAL_TIM_IC_CaptureCallback
 .text.HAL_TIM_PWM_PulseFinishedCallback
                0x0800631e       0x14 ./Drivers/STM32F4xx_HAL_Driver/Src/stm32f4xx_hal_tim.o
                0x0800631e                HAL_TIM_PWM_PulseFinishedCallback
 .text.HAL_TIM_TriggerCallback
                0x08006332       0x14 ./Drivers/STM32F4xx_HAL_Driver/Src/stm32f4xx_hal_tim.o
                0x08006332                HAL_TIM_TriggerCallback
 *fill*         0x08006346        0x2 
 .text.TIM_Base_SetConfig
                0x08006348      0x158 ./Drivers/STM32F4xx_HAL_Driver/Src/stm32f4xx_hal_tim.o
                0x08006348                TIM_Base_SetConfig
 .text.TIM_OC1_SetConfig
                0x080064a0       0xe0 ./Drivers/STM32F4xx_HAL_Driver/Src/stm32f4xx_hal_tim.o
 .text.TIM_OC2_SetConfig
                0x08006580       0xec ./Drivers/STM32F4xx_HAL_Driver/Src/stm32f4xx_hal_tim.o
                0x08006580                TIM_OC2_SetConfig
 .text.TIM_OC3_SetConfig
                0x0800666c       0xe8 ./Drivers/STM32F4xx_HAL_Driver/Src/stm32f4xx_hal_tim.o
 .text.TIM_OC4_SetConfig
                0x08006754       0xac ./Drivers/STM32F4xx_HAL_Driver/Src/stm32f4xx_hal_tim.o
 .text.TIM_TI1_SetConfig
                0x08006800       0xe8 ./Drivers/STM32F4xx_HAL_Driver/Src/stm32f4xx_hal_tim.o
                0x08006800                TIM_TI1_SetConfig
 .text.TIM_TI1_ConfigInputStage
                0x080068e8       0x5e ./Drivers/STM32F4xx_HAL_Driver/Src/stm32f4xx_hal_tim.o
 .text.TIM_TI2_SetConfig
                0x08006946       0x7a ./Drivers/STM32F4xx_HAL_Driver/Src/stm32f4xx_hal_tim.o
 .text.TIM_TI2_ConfigInputStage
                0x080069c0       0x60 ./Drivers/STM32F4xx_HAL_Driver/Src/stm32f4xx_hal_tim.o
 .text.TIM_TI3_SetConfig
                0x08006a20       0x78 ./Drivers/STM32F4xx_HAL_Driver/Src/stm32f4xx_hal_tim.o
 .text.TIM_TI4_SetConfig
                0x08006a98       0x7a ./Drivers/STM32F4xx_HAL_Driver/Src/stm32f4xx_hal_tim.o
 .text.TIM_ITRx_SetConfig
                0x08006b12       0x36 ./Drivers/STM32F4xx_HAL_Driver/Src/stm32f4xx_hal_tim.o
 .text.TIM_ETR_SetConfig
                0x08006b48       0x40 ./Drivers/STM32F4xx_HAL_Driver/Src/stm32f4xx_hal_tim.o
                0x08006b48                TIM_ETR_SetConfig
 .text.TIM_CCxChannelCmd
                0x08006b88       0x4a ./Drivers/STM32F4xx_HAL_Driver/Src/stm32f4xx_hal_tim.o
                0x08006b88                TIM_CCxChannelCmd
 *fill*         0x08006bd2        0x2 
 .text.HAL_TIMEx_MasterConfigSynchronization
                0x08006bd4       0xf8 ./Drivers/STM32F4xx_HAL_Driver/Src/stm32f4xx_hal_tim_ex.o
                0x08006bd4                HAL_TIMEx_MasterConfigSynchronization
 .text.HAL_TIMEx_ConfigBreakDeadTime
                0x08006ccc       0xa4 ./Drivers/STM32F4xx_HAL_Driver/Src/stm32f4xx_hal_tim_ex.o
                0x08006ccc                HAL_TIMEx_ConfigBreakDeadTime
 .text.HAL_TIMEx_CommutCallback
                0x08006d70       0x14 ./Drivers/STM32F4xx_HAL_Driver/Src/stm32f4xx_hal_tim_ex.o
                0x08006d70                HAL_TIMEx_CommutCallback
 .text.HAL_TIMEx_BreakCallback
                0x08006d84       0x14 ./Drivers/STM32F4xx_HAL_Driver/Src/stm32f4xx_hal_tim_ex.o
                0x08006d84                HAL_TIMEx_BreakCallback
 .text.memset   0x08006d98       0x10 C:/ST/STM32CubeIDE_1.14.1/STM32CubeIDE/plugins/com.st.stm32cube.ide.mcu.externaltools.gnu-tools-for-stm32.12.3.rel1.win32_1.0.200.202406191623/tools/bin/../lib/gcc/arm-none-eabi/12.3.1/../../../../arm-none-eabi/lib/thumb/v7e-m+fp/hard\libc_nano.a(libc_a-memset.o)
                0x08006d98                memset
 .text.__libc_init_array
                0x08006da8       0x48 C:/ST/STM32CubeIDE_1.14.1/STM32CubeIDE/plugins/com.st.stm32cube.ide.mcu.externaltools.gnu-tools-for-stm32.12.3.rel1.win32_1.0.200.202406191623/tools/bin/../lib/gcc/arm-none-eabi/12.3.1/../../../../arm-none-eabi/lib/thumb/v7e-m+fp/hard\libc_nano.a(libc_a-init.o)
                0x08006da8                __libc_init_array
 *(.glue_7)
 .glue_7        0x08006df0        0x0 linker stubs
 *(.glue_7t)
 .glue_7t       0x08006df0        0x0 linker stubs
 *(.eh_frame)
 .eh_frame      0x08006df0        0x0 C:/ST/STM32CubeIDE_1.14.1/STM32CubeIDE/plugins/com.st.stm32cube.ide.mcu.externaltools.gnu-tools-for-stm32.12.3.rel1.win32_1.0.200.202406191623/tools/bin/../lib/gcc/arm-none-eabi/12.3.1/thumb/v7e-m+fp/hard/crtbegin.o
 *(.init)
 .init          0x08006df0        0x4 C:/ST/STM32CubeIDE_1.14.1/STM32CubeIDE/plugins/com.st.stm32cube.ide.mcu.externaltools.gnu-tools-for-stm32.12.3.rel1.win32_1.0.200.202406191623/tools/bin/../lib/gcc/arm-none-eabi/12.3.1/thumb/v7e-m+fp/hard/crti.o
                0x08006df0                _init
 .init          0x08006df4        0x8 C:/ST/STM32CubeIDE_1.14.1/STM32CubeIDE/plugins/com.st.stm32cube.ide.mcu.externaltools.gnu-tools-for-stm32.12.3.rel1.win32_1.0.200.202406191623/tools/bin/../lib/gcc/arm-none-eabi/12.3.1/thumb/v7e-m+fp/hard/crtn.o
 *(.fini)
 .fini          0x08006dfc        0x4 C:/ST/STM32CubeIDE_1.14.1/STM32CubeIDE/plugins/com.st.stm32cube.ide.mcu.externaltools.gnu-tools-for-stm32.12.3.rel1.win32_1.0.200.202406191623/tools/bin/../lib/gcc/arm-none-eabi/12.3.1/thumb/v7e-m+fp/hard/crti.o
                0x08006dfc                _fini
 .fini          0x08006e00        0x8 C:/ST/STM32CubeIDE_1.14.1/STM32CubeIDE/plugins/com.st.stm32cube.ide.mcu.externaltools.gnu-tools-for-stm32.12.3.rel1.win32_1.0.200.202406191623/tools/bin/../lib/gcc/arm-none-eabi/12.3.1/thumb/v7e-m+fp/hard/crtn.o
                0x08006e08                        . = ALIGN (0x4)
                0x08006e08                        _etext = .

.vfp11_veneer   0x08006e08        0x0
 .vfp11_veneer  0x08006e08        0x0 linker stubs

.v4_bx          0x08006e08        0x0
 .v4_bx         0x08006e08        0x0 linker stubs

.iplt           0x08006e08        0x0
 .iplt          0x08006e08        0x0 C:/ST/STM32CubeIDE_1.14.1/STM32CubeIDE/plugins/com.st.stm32cube.ide.mcu.externaltools.gnu-tools-for-stm32.12.3.rel1.win32_1.0.200.202406191623/tools/bin/../lib/gcc/arm-none-eabi/12.3.1/thumb/v7e-m+fp/hard/crtbegin.o

.rodata         0x08006e08       0x18
                0x08006e08                        . = ALIGN (0x4)
 *(.rodata)
 *(.rodata*)
 .rodata.AHBPrescTable
                0x08006e08       0x10 ./Core/Src/system_stm32f4xx.o
                0x08006e08                AHBPrescTable
 .rodata.APBPrescTable
                0x08006e18        0x8 ./Core/Src/system_stm32f4xx.o
                0x08006e18                APBPrescTable
                0x08006e20                        . = ALIGN (0x4)

.ARM.extab      0x08006e20        0x0
                0x08006e20                        . = ALIGN (0x4)
 *(.ARM.extab* .gnu.linkonce.armextab.*)
                0x08006e20                        . = ALIGN (0x4)

.ARM            0x08006e20        0x8
                0x08006e20                        . = ALIGN (0x4)
                0x08006e20                        __exidx_start = .
 *(.ARM.exidx*)
 .ARM.exidx     0x08006e20        0x8 C:/ST/STM32CubeIDE_1.14.1/STM32CubeIDE/plugins/com.st.stm32cube.ide.mcu.externaltools.gnu-tools-for-stm32.12.3.rel1.win32_1.0.200.202406191623/tools/bin/../lib/gcc/arm-none-eabi/12.3.1/thumb/v7e-m+fp/hard\libgcc.a(_udivmoddi4.o)
                0x08006e28                        __exidx_end = .
                0x08006e28                        . = ALIGN (0x4)

.preinit_array  0x08006e28        0x0
                0x08006e28                        . = ALIGN (0x4)
                0x08006e28                        PROVIDE (__preinit_array_start = .)
 *(.preinit_array*)
                0x08006e28                        PROVIDE (__preinit_array_end = .)
                0x08006e28                        . = ALIGN (0x4)

.init_array     0x08006e28        0x4
                0x08006e28                        . = ALIGN (0x4)
                0x08006e28                        PROVIDE (__init_array_start = .)
 *(SORT_BY_NAME(.init_array.*))
 *(.init_array*)
 .init_array    0x08006e28        0x4 C:/ST/STM32CubeIDE_1.14.1/STM32CubeIDE/plugins/com.st.stm32cube.ide.mcu.externaltools.gnu-tools-for-stm32.12.3.rel1.win32_1.0.200.202406191623/tools/bin/../lib/gcc/arm-none-eabi/12.3.1/thumb/v7e-m+fp/hard/crtbegin.o
                0x08006e2c                        PROVIDE (__init_array_end = .)
                0x08006e2c                        . = ALIGN (0x4)

.fini_array     0x08006e2c        0x4
                0x08006e2c                        . = ALIGN (0x4)
                [!provide]                        PROVIDE (__fini_array_start = .)
 *(SORT_BY_NAME(.fini_array.*))
 *(.fini_array*)
 .fini_array    0x08006e2c        0x4 C:/ST/STM32CubeIDE_1.14.1/STM32CubeIDE/plugins/com.st.stm32cube.ide.mcu.externaltools.gnu-tools-for-stm32.12.3.rel1.win32_1.0.200.202406191623/tools/bin/../lib/gcc/arm-none-eabi/12.3.1/thumb/v7e-m+fp/hard/crtbegin.o
                [!provide]                        PROVIDE (__fini_array_end = .)
                0x08006e30                        . = ALIGN (0x4)
                0x08006e30                        _sidata = LOADADDR (.data)

.rel.dyn        0x08006e30        0x0
 .rel.iplt      0x08006e30        0x0 C:/ST/STM32CubeIDE_1.14.1/STM32CubeIDE/plugins/com.st.stm32cube.ide.mcu.externaltools.gnu-tools-for-stm32.12.3.rel1.win32_1.0.200.202406191623/tools/bin/../lib/gcc/arm-none-eabi/12.3.1/thumb/v7e-m+fp/hard/crtbegin.o

.data           0x20000000       0x1c load address 0x08006e30
                0x20000000                        . = ALIGN (0x4)
                0x20000000                        _sdata = .
 *(.data)
 *(.data*)
 .data.sinirpos
                0x20000000        0x4 ./Core/Src/main.o
                0x20000000                sinirpos
 .data.sinirneg
                0x20000004        0x4 ./Core/Src/main.o
                0x20000004                sinirneg
 .data.Encoder  0x20000008        0x4 ./Core/Src/main.o
                0x20000008                Encoder
 .data.TxBuffer
                0x2000000c        0x1 ./Core/Src/main.o
                0x2000000c                TxBuffer
 *fill*         0x2000000d        0x3 
 .data.SystemCoreClock
                0x20000010        0x4 ./Core/Src/system_stm32f4xx.o
                0x20000010                SystemCoreClock
 .data.uwTickPrio
                0x20000014        0x4 ./Drivers/STM32F4xx_HAL_Driver/Src/stm32f4xx_hal.o
                0x20000014                uwTickPrio
 .data.uwTickFreq
                0x20000018        0x1 ./Drivers/STM32F4xx_HAL_Driver/Src/stm32f4xx_hal.o
                0x20000018                uwTickFreq
 *(.RamFunc)
 *(.RamFunc*)
                0x2000001c                        . = ALIGN (0x4)
 *fill*         0x20000019        0x3 
                0x2000001c                        _edata = .
                0x08006e4c                        _siccmram = LOADADDR (.ccmram)

.igot.plt       0x2000001c        0x0 load address 0x08006e4c
 .igot.plt      0x2000001c        0x0 C:/ST/STM32CubeIDE_1.14.1/STM32CubeIDE/plugins/com.st.stm32cube.ide.mcu.externaltools.gnu-tools-for-stm32.12.3.rel1.win32_1.0.200.202406191623/tools/bin/../lib/gcc/arm-none-eabi/12.3.1/thumb/v7e-m+fp/hard/crtbegin.o

.ccmram         0x10000000        0x0 load address 0x08006e4c
                0x10000000                        . = ALIGN (0x4)
                0x10000000                        _sccmram = .
 *(.ccmram)
 *(.ccmram*)
                0x10000000                        . = ALIGN (0x4)
                0x10000000                        _eccmram = .
                0x10000000                        . = ALIGN (0x4)

.bss            0x2000001c      0x2d8
                0x2000001c                        _sbss = .
                0x2000001c                        __bss_start__ = _sbss
 *(.bss)
 .bss           0x2000001c       0x1c C:/ST/STM32CubeIDE_1.14.1/STM32CubeIDE/plugins/com.st.stm32cube.ide.mcu.externaltools.gnu-tools-for-stm32.12.3.rel1.win32_1.0.200.202406191623/tools/bin/../lib/gcc/arm-none-eabi/12.3.1/thumb/v7e-m+fp/hard/crtbegin.o
 *(.bss*)
 .bss.hi2c1     0x20000038       0x54 ./Core/Src/main.o
                0x20000038                hi2c1
 .bss.hi2c2     0x2000008c       0x54 ./Core/Src/main.o
                0x2000008c                hi2c2
 .bss.htim1     0x200000e0       0x48 ./Core/Src/main.o
                0x200000e0                htim1
 .bss.htim2     0x20000128       0x48 ./Core/Src/main.o
                0x20000128                htim2
 .bss.htim3     0x20000170       0x48 ./Core/Src/main.o
                0x20000170                htim3
 .bss.htim4     0x200001b8       0x48 ./Core/Src/main.o
                0x200001b8                htim4
 .bss.htim5     0x20000200       0x48 ./Core/Src/main.o
                0x20000200                htim5
 .bss.encoder   0x20000248        0x4 ./Core/Src/main.o
                0x20000248                encoder
 .bss.starttime3
                0x2000024c        0x4 ./Core/Src/main.o
                0x2000024c                starttime3
 .bss.endtime3  0x20000250        0x4 ./Core/Src/main.o
                0x20000250                endtime3
 .bss.pulsewidth3
                0x20000254        0x4 ./Core/Src/main.o
                0x20000254                pulsewidth3
 .bss.count3    0x20000258        0x4 ./Core/Src/main.o
                0x20000258                count3
 .bss.ref_aci   0x2000025c        0x4 ./Core/Src/main.o
                0x2000025c                ref_aci
 .bss.motoraci  0x20000260        0x4 ./Core/Src/main.o
                0x20000260                motoraci
 .bss.aci1      0x20000264        0x4 ./Core/Src/main.o
                0x20000264                aci1
 .bss.error     0x20000268        0x4 ./Core/Src/main.o
                0x20000268                error
 .bss.pompa     0x2000026c        0x4 ./Core/Src/main.o
                0x2000026c                pompa
 .bss.AA        0x20000270        0x4 ./Core/Src/main.o
                0x20000270                AA
 .bss.counnt    0x20000274        0x4 ./Core/Src/main.o
                0x20000274                counnt
 .bss.capture_value
                0x20000278        0x4 ./Core/Src/main.o
                0x20000278                capture_value
 .bss.frequency
                0x2000027c        0x4 ./Core/Src/main.o
                0x2000027c                frequency
 .bss.rpm       0x20000280        0x4 ./Core/Src/main.o
                0x20000280                rpm
 .bss.velo      0x20000284        0x4 ./Core/Src/main.o
                0x20000284                velo
 .bss.drive_duty
                0x20000288        0x4 ./Core/Src/main.o
                0x20000288                drive_duty
 .bss.wello     0x2000028c        0x4 ./Core/Src/main.o
                0x2000028c                wello
 .bss.wello_count
                0x20000290        0x4 ./Core/Src/main.o
                0x20000290                wello_count
 .bss.wello_counter
                0x20000294        0x4 ./Core/Src/main.o
                0x20000294                wello_counter
 .bss.Brake     0x20000298        0x4 ./Core/Src/main.o
                0x20000298                Brake
 .bss.Drive     0x2000029c        0x4 ./Core/Src/main.o
                0x2000029c                Drive
 .bss.RxBuffer  0x200002a0       0x20 ./Core/Src/main.o
                0x200002a0                RxBuffer
 .bss.falling_detected2
                0x200002c0        0x2 ./Core/Src/stm32f4xx_it.o
                0x200002c0                falling_detected2
 .bss.falling_detected
                0x200002c2        0x2 ./Core/Src/stm32f4xx_it.o
                0x200002c2                falling_detected
 .bss.starttime1
                0x200002c4        0x4 ./Core/Src/stm32f4xx_it.o
                0x200002c4                starttime1
 .bss.endtime1  0x200002c8        0x4 ./Core/Src/stm32f4xx_it.o
                0x200002c8                endtime1
 .bss.pulsewidth1
                0x200002cc        0x4 ./Core/Src/stm32f4xx_it.o
                0x200002cc                pulsewidth1
 .bss.count1    0x200002d0        0x4 ./Core/Src/stm32f4xx_it.o
                0x200002d0                count1
 .bss.dutycycle0
                0x200002d4        0x4 ./Core/Src/stm32f4xx_it.o
                0x200002d4                dutycycle0
 .bss.signal    0x200002d8        0x4 ./Core/Src/stm32f4xx_it.o
                0x200002d8                signal
 .bss.switch_counter
                0x200002dc        0x4 ./Core/Src/stm32f4xx_it.o
                0x200002dc                switch_counter
 .bss.starttime4
                0x200002e0        0x4 ./Core/Src/stm32f4xx_it.o
                0x200002e0                starttime4
 .bss.endtime4  0x200002e4        0x4 ./Core/Src/stm32f4xx_it.o
                0x200002e4                endtime4
 .bss.pulsewidth4
                0x200002e8        0x4 ./Core/Src/stm32f4xx_it.o
                0x200002e8                pulsewidth4
 .bss.command4  0x200002ec        0x4 ./Core/Src/stm32f4xx_it.o
                0x200002ec                command4
 .bss.uwTick    0x200002f0        0x4 ./Drivers/STM32F4xx_HAL_Driver/Src/stm32f4xx_hal.o
                0x200002f0                uwTick
 *(COMMON)
                0x200002f4                        . = ALIGN (0x4)
                0x200002f4                        _ebss = .
                0x200002f4                        __bss_end__ = _ebss

._user_heap_stack
                0x200002f4      0x604
                0x200002f8                        . = ALIGN (0x8)
 *fill*         0x200002f4        0x4 
                [!provide]                        PROVIDE (end = .)
                0x200002f8                        PROVIDE (_end = .)
                0x200004f8                        . = (. + _Min_Heap_Size)
 *fill*         0x200002f8      0x200 
                0x200008f8                        . = (. + _Min_Stack_Size)
 *fill*         0x200004f8      0x400 
                0x200008f8                        . = ALIGN (0x8)

/DISCARD/
 libc.a(*)
 libm.a(*)
 libgcc.a(*)

.ARM.attributes
                0x00000000       0x30
 *(.ARM.attributes)
 .ARM.attributes
                0x00000000       0x22 C:/ST/STM32CubeIDE_1.14.1/STM32CubeIDE/plugins/com.st.stm32cube.ide.mcu.externaltools.gnu-tools-for-stm32.12.3.rel1.win32_1.0.200.202406191623/tools/bin/../lib/gcc/arm-none-eabi/12.3.1/thumb/v7e-m+fp/hard/crti.o
 .ARM.attributes
                0x00000022       0x34 C:/ST/STM32CubeIDE_1.14.1/STM32CubeIDE/plugins/com.st.stm32cube.ide.mcu.externaltools.gnu-tools-for-stm32.12.3.rel1.win32_1.0.200.202406191623/tools/bin/../lib/gcc/arm-none-eabi/12.3.1/thumb/v7e-m+fp/hard/crtbegin.o
 .ARM.attributes
                0x00000056       0x34 ./Core/Src/main.o
 .ARM.attributes
                0x0000008a       0x34 ./Core/Src/stm32f4xx_hal_msp.o
 .ARM.attributes
                0x000000be       0x34 ./Core/Src/stm32f4xx_it.o
 .ARM.attributes
                0x000000f2       0x34 ./Core/Src/system_stm32f4xx.o
 .ARM.attributes
                0x00000126       0x21 ./Core/Startup/startup_stm32f407vgtx.o
 .ARM.attributes
                0x00000147       0x34 ./Drivers/STM32F4xx_HAL_Driver/Src/stm32f4xx_hal.o
 .ARM.attributes
                0x0000017b       0x34 ./Drivers/STM32F4xx_HAL_Driver/Src/stm32f4xx_hal_cortex.o
 .ARM.attributes
                0x000001af       0x34 ./Drivers/STM32F4xx_HAL_Driver/Src/stm32f4xx_hal_dma.o
 .ARM.attributes
                0x000001e3       0x34 ./Drivers/STM32F4xx_HAL_Driver/Src/stm32f4xx_hal_gpio.o
 .ARM.attributes
                0x00000217       0x34 ./Drivers/STM32F4xx_HAL_Driver/Src/stm32f4xx_hal_i2c.o
 .ARM.attributes
                0x0000024b       0x34 ./Drivers/STM32F4xx_HAL_Driver/Src/stm32f4xx_hal_rcc.o
 .ARM.attributes
                0x0000027f       0x34 ./Drivers/STM32F4xx_HAL_Driver/Src/stm32f4xx_hal_tim.o
 .ARM.attributes
                0x000002b3       0x34 ./Drivers/STM32F4xx_HAL_Driver/Src/stm32f4xx_hal_tim_ex.o
 .ARM.attributes
                0x000002e7       0x34 C:/ST/STM32CubeIDE_1.14.1/STM32CubeIDE/plugins/com.st.stm32cube.ide.mcu.externaltools.gnu-tools-for-stm32.12.3.rel1.win32_1.0.200.202406191623/tools/bin/../lib/gcc/arm-none-eabi/12.3.1/../../../../arm-none-eabi/lib/thumb/v7e-m+fp/hard\libc_nano.a(libc_a-memset.o)
 .ARM.attributes
                0x0000031b       0x34 C:/ST/STM32CubeIDE_1.14.1/STM32CubeIDE/plugins/com.st.stm32cube.ide.mcu.externaltools.gnu-tools-for-stm32.12.3.rel1.win32_1.0.200.202406191623/tools/bin/../lib/gcc/arm-none-eabi/12.3.1/../../../../arm-none-eabi/lib/thumb/v7e-m+fp/hard\libc_nano.a(libc_a-init.o)
 .ARM.attributes
                0x0000034f       0x22 C:/ST/STM32CubeIDE_1.14.1/STM32CubeIDE/plugins/com.st.stm32cube.ide.mcu.externaltools.gnu-tools-for-stm32.12.3.rel1.win32_1.0.200.202406191623/tools/bin/../lib/gcc/arm-none-eabi/12.3.1/thumb/v7e-m+fp/hard\libgcc.a(_arm_addsubdf3.o)
 .ARM.attributes
                0x00000371       0x22 C:/ST/STM32CubeIDE_1.14.1/STM32CubeIDE/plugins/com.st.stm32cube.ide.mcu.externaltools.gnu-tools-for-stm32.12.3.rel1.win32_1.0.200.202406191623/tools/bin/../lib/gcc/arm-none-eabi/12.3.1/thumb/v7e-m+fp/hard\libgcc.a(_arm_muldivdf3.o)
 .ARM.attributes
                0x00000393       0x22 C:/ST/STM32CubeIDE_1.14.1/STM32CubeIDE/plugins/com.st.stm32cube.ide.mcu.externaltools.gnu-tools-for-stm32.12.3.rel1.win32_1.0.200.202406191623/tools/bin/../lib/gcc/arm-none-eabi/12.3.1/thumb/v7e-m+fp/hard\libgcc.a(_arm_truncdfsf2.o)
 .ARM.attributes
                0x000003b5       0x22 C:/ST/STM32CubeIDE_1.14.1/STM32CubeIDE/plugins/com.st.stm32cube.ide.mcu.externaltools.gnu-tools-for-stm32.12.3.rel1.win32_1.0.200.202406191623/tools/bin/../lib/gcc/arm-none-eabi/12.3.1/thumb/v7e-m+fp/hard\libgcc.a(_aeabi_uldivmod.o)
 .ARM.attributes
                0x000003d7       0x34 C:/ST/STM32CubeIDE_1.14.1/STM32CubeIDE/plugins/com.st.stm32cube.ide.mcu.externaltools.gnu-tools-for-stm32.12.3.rel1.win32_1.0.200.202406191623/tools/bin/../lib/gcc/arm-none-eabi/12.3.1/thumb/v7e-m+fp/hard\libgcc.a(_udivmoddi4.o)
 .ARM.attributes
                0x0000040b       0x22 C:/ST/STM32CubeIDE_1.14.1/STM32CubeIDE/plugins/com.st.stm32cube.ide.mcu.externaltools.gnu-tools-for-stm32.12.3.rel1.win32_1.0.200.202406191623/tools/bin/../lib/gcc/arm-none-eabi/12.3.1/thumb/v7e-m+fp/hard\libgcc.a(_dvmd_tls.o)
 .ARM.attributes
                0x0000042d       0x22 C:/ST/STM32CubeIDE_1.14.1/STM32CubeIDE/plugins/com.st.stm32cube.ide.mcu.externaltools.gnu-tools-for-stm32.12.3.rel1.win32_1.0.200.202406191623/tools/bin/../lib/gcc/arm-none-eabi/12.3.1/thumb/v7e-m+fp/hard/crtn.o
OUTPUT(Astrid_main_embedded_code.elf elf32-littlearm)
LOAD linker stubs
LOAD C:/ST/STM32CubeIDE_1.14.1/STM32CubeIDE/plugins/com.st.stm32cube.ide.mcu.externaltools.gnu-tools-for-stm32.12.3.rel1.win32_1.0.200.202406191623/tools/bin/../lib/gcc/arm-none-eabi/12.3.1/../../../../arm-none-eabi/lib/thumb/v7e-m+fp/hard\libc.a
LOAD C:/ST/STM32CubeIDE_1.14.1/STM32CubeIDE/plugins/com.st.stm32cube.ide.mcu.externaltools.gnu-tools-for-stm32.12.3.rel1.win32_1.0.200.202406191623/tools/bin/../lib/gcc/arm-none-eabi/12.3.1/../../../../arm-none-eabi/lib/thumb/v7e-m+fp/hard\libm.a
LOAD C:/ST/STM32CubeIDE_1.14.1/STM32CubeIDE/plugins/com.st.stm32cube.ide.mcu.externaltools.gnu-tools-for-stm32.12.3.rel1.win32_1.0.200.202406191623/tools/bin/../lib/gcc/arm-none-eabi/12.3.1/thumb/v7e-m+fp/hard\libgcc.a

.debug_info     0x00000000     0xd205
 .debug_info    0x00000000     0x1c59 ./Core/Src/main.o
 .debug_info    0x00001c59     0x10d3 ./Core/Src/stm32f4xx_hal_msp.o
 .debug_info    0x00002d2c      0xe14 ./Core/Src/stm32f4xx_it.o
 .debug_info    0x00003b40      0x512 ./Core/Src/system_stm32f4xx.o
 .debug_info    0x00004052       0x30 ./Core/Startup/startup_stm32f407vgtx.o
 .debug_info    0x00004082      0x944 ./Drivers/STM32F4xx_HAL_Driver/Src/stm32f4xx_hal.o
 .debug_info    0x000049c6      0xd57 ./Drivers/STM32F4xx_HAL_Driver/Src/stm32f4xx_hal_cortex.o
 .debug_info    0x0000571d      0x8e7 ./Drivers/STM32F4xx_HAL_Driver/Src/stm32f4xx_hal_dma.o
 .debug_info    0x00006004      0x6c3 ./Drivers/STM32F4xx_HAL_Driver/Src/stm32f4xx_hal_gpio.o
 .debug_info    0x000066c7     0x2415 ./Drivers/STM32F4xx_HAL_Driver/Src/stm32f4xx_hal_i2c.o
 .debug_info    0x00008adc      0x8b1 ./Drivers/STM32F4xx_HAL_Driver/Src/stm32f4xx_hal_rcc.o
 .debug_info    0x0000938d     0x299d ./Drivers/STM32F4xx_HAL_Driver/Src/stm32f4xx_hal_tim.o
 .debug_info    0x0000bd2a     0x14db ./Drivers/STM32F4xx_HAL_Driver/Src/stm32f4xx_hal_tim_ex.o

.debug_abbrev   0x00000000     0x1c91
 .debug_abbrev  0x00000000      0x368 ./Core/Src/main.o
 .debug_abbrev  0x00000368      0x217 ./Core/Src/stm32f4xx_hal_msp.o
 .debug_abbrev  0x0000057f      0x202 ./Core/Src/stm32f4xx_it.o
 .debug_abbrev  0x00000781      0x11a ./Core/Src/system_stm32f4xx.o
 .debug_abbrev  0x0000089b       0x24 ./Core/Startup/startup_stm32f407vgtx.o
 .debug_abbrev  0x000008bf      0x214 ./Drivers/STM32F4xx_HAL_Driver/Src/stm32f4xx_hal.o
 .debug_abbrev  0x00000ad3      0x328 ./Drivers/STM32F4xx_HAL_Driver/Src/stm32f4xx_hal_cortex.o
 .debug_abbrev  0x00000dfb      0x264 ./Drivers/STM32F4xx_HAL_Driver/Src/stm32f4xx_hal_dma.o
 .debug_abbrev  0x0000105f      0x1d4 ./Drivers/STM32F4xx_HAL_Driver/Src/stm32f4xx_hal_gpio.o
 .debug_abbrev  0x00001233      0x2ad ./Drivers/STM32F4xx_HAL_Driver/Src/stm32f4xx_hal_i2c.o
 .debug_abbrev  0x000014e0      0x2b6 ./Drivers/STM32F4xx_HAL_Driver/Src/stm32f4xx_hal_rcc.o
 .debug_abbrev  0x00001796      0x278 ./Drivers/STM32F4xx_HAL_Driver/Src/stm32f4xx_hal_tim.o
 .debug_abbrev  0x00001a0e      0x283 ./Drivers/STM32F4xx_HAL_Driver/Src/stm32f4xx_hal_tim_ex.o

.debug_aranges  0x00000000      0xd78
 .debug_aranges
                0x00000000       0xc0 ./Core/Src/main.o
 .debug_aranges
                0x000000c0       0x48 ./Core/Src/stm32f4xx_hal_msp.o
 .debug_aranges
                0x00000108       0xc0 ./Core/Src/stm32f4xx_it.o
 .debug_aranges
                0x000001c8       0x28 ./Core/Src/system_stm32f4xx.o
 .debug_aranges
                0x000001f0       0x28 ./Core/Startup/startup_stm32f407vgtx.o
 .debug_aranges
                0x00000218       0xf0 ./Drivers/STM32F4xx_HAL_Driver/Src/stm32f4xx_hal.o
 .debug_aranges
                0x00000308      0x120 ./Drivers/STM32F4xx_HAL_Driver/Src/stm32f4xx_hal_cortex.o
 .debug_aranges
                0x00000428       0x90 ./Drivers/STM32F4xx_HAL_Driver/Src/stm32f4xx_hal_dma.o
 .debug_aranges
                0x000004b8       0x58 ./Drivers/STM32F4xx_HAL_Driver/Src/stm32f4xx_hal_gpio.o
 .debug_aranges
                0x00000510      0x2a8 ./Drivers/STM32F4xx_HAL_Driver/Src/stm32f4xx_hal_i2c.o
 .debug_aranges
                0x000007b8       0x88 ./Drivers/STM32F4xx_HAL_Driver/Src/stm32f4xx_hal_rcc.o
 .debug_aranges
                0x00000840      0x3d0 ./Drivers/STM32F4xx_HAL_Driver/Src/stm32f4xx_hal_tim.o
 .debug_aranges
                0x00000c10      0x168 ./Drivers/STM32F4xx_HAL_Driver/Src/stm32f4xx_hal_tim_ex.o

.debug_rnglists
                0x00000000      0xaa1
 .debug_rnglists
                0x00000000       0x96 ./Core/Src/main.o
 .debug_rnglists
                0x00000096       0x36 ./Core/Src/stm32f4xx_hal_msp.o
 .debug_rnglists
                0x000000cc       0x8f ./Core/Src/stm32f4xx_it.o
 .debug_rnglists
                0x0000015b       0x1a ./Core/Src/system_stm32f4xx.o
 .debug_rnglists
                0x00000175       0x19 ./Core/Startup/startup_stm32f407vgtx.o
 .debug_rnglists
                0x0000018e       0xaf ./Drivers/STM32F4xx_HAL_Driver/Src/stm32f4xx_hal.o
 .debug_rnglists
                0x0000023d       0xd4 ./Drivers/STM32F4xx_HAL_Driver/Src/stm32f4xx_hal_cortex.o
 .debug_rnglists
                0x00000311       0x70 ./Drivers/STM32F4xx_HAL_Driver/Src/stm32f4xx_hal_dma.o
 .debug_rnglists
                0x00000381       0x3f ./Drivers/STM32F4xx_HAL_Driver/Src/stm32f4xx_hal_gpio.o
 .debug_rnglists
                0x000003c0      0x23c ./Drivers/STM32F4xx_HAL_Driver/Src/stm32f4xx_hal_i2c.o
 .debug_rnglists
                0x000005fc       0x66 ./Drivers/STM32F4xx_HAL_Driver/Src/stm32f4xx_hal_rcc.o
 .debug_rnglists
                0x00000662      0x31a ./Drivers/STM32F4xx_HAL_Driver/Src/stm32f4xx_hal_tim.o
 .debug_rnglists
                0x0000097c      0x125 ./Drivers/STM32F4xx_HAL_Driver/Src/stm32f4xx_hal_tim_ex.o

.debug_macro    0x00000000    0x202db
 .debug_macro   0x00000000      0x1f4 ./Core/Src/main.o
 .debug_macro   0x000001f4      0xab4 ./Core/Src/main.o
 .debug_macro   0x00000ca8      0x29b ./Core/Src/main.o
 .debug_macro   0x00000f43       0x2e ./Core/Src/main.o
 .debug_macro   0x00000f71       0x2f ./Core/Src/main.o
 .debug_macro   0x00000fa0       0x22 ./Core/Src/main.o
 .debug_macro   0x00000fc2       0x8e ./Core/Src/main.o
 .debug_macro   0x00001050       0x51 ./Core/Src/main.o
 .debug_macro   0x000010a1      0x103 ./Core/Src/main.o
 .debug_macro   0x000011a4       0x6a ./Core/Src/main.o
 .debug_macro   0x0000120e      0x1df ./Core/Src/main.o
 .debug_macro   0x000013ed       0x1c ./Core/Src/main.o
 .debug_macro   0x00001409       0x22 ./Core/Src/main.o
 .debug_macro   0x0000142b       0xfb ./Core/Src/main.o
 .debug_macro   0x00001526     0x1011 ./Core/Src/main.o
 .debug_macro   0x00002537      0x11f ./Core/Src/main.o
 .debug_macro   0x00002656    0x15e97 ./Core/Src/main.o
 .debug_macro   0x000184ed       0x6d ./Core/Src/main.o
 .debug_macro   0x0001855a     0x368c ./Core/Src/main.o
 .debug_macro   0x0001bbe6      0x189 ./Core/Src/main.o
 .debug_macro   0x0001bd6f       0x5c ./Core/Src/main.o
 .debug_macro   0x0001bdcb      0x980 ./Core/Src/main.o
 .debug_macro   0x0001c74b      0x9e9 ./Core/Src/main.o
 .debug_macro   0x0001d134      0x115 ./Core/Src/main.o
 .debug_macro   0x0001d249      0x13e ./Core/Src/main.o
 .debug_macro   0x0001d387       0xa5 ./Core/Src/main.o
 .debug_macro   0x0001d42c      0x174 ./Core/Src/main.o
 .debug_macro   0x0001d5a0      0x287 ./Core/Src/main.o
 .debug_macro   0x0001d827       0x5f ./Core/Src/main.o
 .debug_macro   0x0001d886      0x236 ./Core/Src/main.o
 .debug_macro   0x0001dabc      0x12c ./Core/Src/main.o
 .debug_macro   0x0001dbe8      0x21e ./Core/Src/main.o
 .debug_macro   0x0001de06       0x2e ./Core/Src/main.o
 .debug_macro   0x0001de34      0x1b5 ./Core/Src/main.o
 .debug_macro   0x0001dfe9       0xd6 ./Core/Src/main.o
 .debug_macro   0x0001e0bf      0x127 ./Core/Src/main.o
 .debug_macro   0x0001e1e6       0x7e ./Core/Src/main.o
 .debug_macro   0x0001e264       0x89 ./Core/Src/main.o
 .debug_macro   0x0001e2ed      0x8ed ./Core/Src/main.o
 .debug_macro   0x0001ebda       0x4d ./Core/Src/main.o
 .debug_macro   0x0001ec27      0x12d ./Core/Src/main.o
 .debug_macro   0x0001ed54      0x1e8 ./Core/Src/stm32f4xx_hal_msp.o
 .debug_macro   0x0001ef3c      0x1f2 ./Core/Src/stm32f4xx_it.o
 .debug_macro   0x0001f12e      0x1de ./Core/Src/system_stm32f4xx.o
 .debug_macro   0x0001f30c      0x23e ./Drivers/STM32F4xx_HAL_Driver/Src/stm32f4xx_hal.o
 .debug_macro   0x0001f54a      0x1de ./Drivers/STM32F4xx_HAL_Driver/Src/stm32f4xx_hal_cortex.o
 .debug_macro   0x0001f728      0x1e4 ./Drivers/STM32F4xx_HAL_Driver/Src/stm32f4xx_hal_dma.o
 .debug_macro   0x0001f90c      0x1e4 ./Drivers/STM32F4xx_HAL_Driver/Src/stm32f4xx_hal_gpio.o
 .debug_macro   0x0001faf0      0x22c ./Drivers/STM32F4xx_HAL_Driver/Src/stm32f4xx_hal_i2c.o
 .debug_macro   0x0001fd1c      0x202 ./Drivers/STM32F4xx_HAL_Driver/Src/stm32f4xx_hal_rcc.o
 .debug_macro   0x0001ff1e      0x1df ./Drivers/STM32F4xx_HAL_Driver/Src/stm32f4xx_hal_tim.o
 .debug_macro   0x000200fd      0x1de ./Drivers/STM32F4xx_HAL_Driver/Src/stm32f4xx_hal_tim_ex.o

.debug_line     0x00000000     0xf998
 .debug_line    0x00000000      0xf00 ./Core/Src/main.o
 .debug_line    0x00000f00      0x924 ./Core/Src/stm32f4xx_hal_msp.o
 .debug_line    0x00001824      0xa4f ./Core/Src/stm32f4xx_it.o
 .debug_line    0x00002273      0x7ec ./Core/Src/system_stm32f4xx.o
 .debug_line    0x00002a5f       0x7a ./Core/Startup/startup_stm32f407vgtx.o
 .debug_line    0x00002ad9      0xa55 ./Drivers/STM32F4xx_HAL_Driver/Src/stm32f4xx_hal.o
 .debug_line    0x0000352e      0xd1d ./Drivers/STM32F4xx_HAL_Driver/Src/stm32f4xx_hal_cortex.o
 .debug_line    0x0000424b      0xfc5 ./Drivers/STM32F4xx_HAL_Driver/Src/stm32f4xx_hal_dma.o
 .debug_line    0x00005210      0xbe1 ./Drivers/STM32F4xx_HAL_Driver/Src/stm32f4xx_hal_gpio.o
 .debug_line    0x00005df1     0x3b9b ./Drivers/STM32F4xx_HAL_Driver/Src/stm32f4xx_hal_i2c.o
 .debug_line    0x0000998c      0xdc8 ./Drivers/STM32F4xx_HAL_Driver/Src/stm32f4xx_hal_rcc.o
 .debug_line    0x0000a754     0x37f9 ./Drivers/STM32F4xx_HAL_Driver/Src/stm32f4xx_hal_tim.o
 .debug_line    0x0000df4d     0x1a4b ./Drivers/STM32F4xx_HAL_Driver/Src/stm32f4xx_hal_tim_ex.o

.debug_str      0x00000000    0xc7a38
 .debug_str     0x00000000    0xc4b11 ./Core/Src/main.o
                              0xc4f03 (size before relaxing)
 .debug_str     0x000c4b11       0xad ./Core/Src/stm32f4xx_hal_msp.o
                              0xc46ff (size before relaxing)
 .debug_str     0x000c4bbe      0x2c9 ./Core/Src/stm32f4xx_it.o
                              0xc43aa (size before relaxing)
 .debug_str     0x000c4e87       0xdb ./Core/Src/system_stm32f4xx.o
                              0xc39b9 (size before relaxing)
 .debug_str     0x000c4f62       0x44 ./Core/Startup/startup_stm32f407vgtx.o
                                 0x83 (size before relaxing)
 .debug_str     0x000c4fa6      0x617 ./Drivers/STM32F4xx_HAL_Driver/Src/stm32f4xx_hal.o
                              0xc453d (size before relaxing)
 .debug_str     0x000c55bd      0x330 ./Drivers/STM32F4xx_HAL_Driver/Src/stm32f4xx_hal_cortex.o
                              0xc4287 (size before relaxing)
 .debug_str     0x000c58ed      0x31d ./Drivers/STM32F4xx_HAL_Driver/Src/stm32f4xx_hal_dma.o
                              0xc3dd3 (size before relaxing)
 .debug_str     0x000c5c0a       0xf7 ./Drivers/STM32F4xx_HAL_Driver/Src/stm32f4xx_hal_gpio.o
                              0xc3b34 (size before relaxing)
 .debug_str     0x000c5d01      0xa69 ./Drivers/STM32F4xx_HAL_Driver/Src/stm32f4xx_hal_i2c.o
                              0xc49d7 (size before relaxing)
 .debug_str     0x000c676a      0x213 ./Drivers/STM32F4xx_HAL_Driver/Src/stm32f4xx_hal_rcc.o
                              0xc3ded (size before relaxing)
 .debug_str     0x000c697d      0xcda ./Drivers/STM32F4xx_HAL_Driver/Src/stm32f4xx_hal_tim.o
                              0xc4d43 (size before relaxing)
 .debug_str     0x000c7657      0x3e1 ./Drivers/STM32F4xx_HAL_Driver/Src/stm32f4xx_hal_tim_ex.o
                              0xc454f (size before relaxing)

.comment        0x00000000       0x43
 .comment       0x00000000       0x43 ./Core/Src/main.o
                                 0x44 (size before relaxing)
 .comment       0x00000043       0x44 ./Core/Src/stm32f4xx_hal_msp.o
 .comment       0x00000043       0x44 ./Core/Src/stm32f4xx_it.o
 .comment       0x00000043       0x44 ./Core/Src/system_stm32f4xx.o
 .comment       0x00000043       0x44 ./Drivers/STM32F4xx_HAL_Driver/Src/stm32f4xx_hal.o
 .comment       0x00000043       0x44 ./Drivers/STM32F4xx_HAL_Driver/Src/stm32f4xx_hal_cortex.o
 .comment       0x00000043       0x44 ./Drivers/STM32F4xx_HAL_Driver/Src/stm32f4xx_hal_dma.o
 .comment       0x00000043       0x44 ./Drivers/STM32F4xx_HAL_Driver/Src/stm32f4xx_hal_gpio.o
 .comment       0x00000043       0x44 ./Drivers/STM32F4xx_HAL_Driver/Src/stm32f4xx_hal_i2c.o
 .comment       0x00000043       0x44 ./Drivers/STM32F4xx_HAL_Driver/Src/stm32f4xx_hal_rcc.o
 .comment       0x00000043       0x44 ./Drivers/STM32F4xx_HAL_Driver/Src/stm32f4xx_hal_tim.o
 .comment       0x00000043       0x44 ./Drivers/STM32F4xx_HAL_Driver/Src/stm32f4xx_hal_tim_ex.o

.debug_frame    0x00000000     0x3a68
 .debug_frame   0x00000000      0x2cc ./Core/Src/main.o
 .debug_frame   0x000002cc       0xec ./Core/Src/stm32f4xx_hal_msp.o
 .debug_frame   0x000003b8      0x254 ./Core/Src/stm32f4xx_it.o
 .debug_frame   0x0000060c       0x58 ./Core/Src/system_stm32f4xx.o
 .debug_frame   0x00000664      0x374 ./Drivers/STM32F4xx_HAL_Driver/Src/stm32f4xx_hal.o
 .debug_frame   0x000009d8      0x4b8 ./Drivers/STM32F4xx_HAL_Driver/Src/stm32f4xx_hal_cortex.o
 .debug_frame   0x00000e90      0x250 ./Drivers/STM32F4xx_HAL_Driver/Src/stm32f4xx_hal_dma.o
 .debug_frame   0x000010e0      0x14c ./Drivers/STM32F4xx_HAL_Driver/Src/stm32f4xx_hal_gpio.o
 .debug_frame   0x0000122c      0xc84 ./Drivers/STM32F4xx_HAL_Driver/Src/stm32f4xx_hal_i2c.o
 .debug_frame   0x00001eb0      0x1f4 ./Drivers/STM32F4xx_HAL_Driver/Src/stm32f4xx_hal_rcc.o
 .debug_frame   0x000020a4     0x11c0 ./Drivers/STM32F4xx_HAL_Driver/Src/stm32f4xx_hal_tim.o
 .debug_frame   0x00003264      0x638 ./Drivers/STM32F4xx_HAL_Driver/Src/stm32f4xx_hal_tim_ex.o
 .debug_frame   0x0000389c       0x20 C:/ST/STM32CubeIDE_1.14.1/STM32CubeIDE/plugins/com.st.stm32cube.ide.mcu.externaltools.gnu-tools-for-stm32.12.3.rel1.win32_1.0.200.202406191623/tools/bin/../lib/gcc/arm-none-eabi/12.3.1/../../../../arm-none-eabi/lib/thumb/v7e-m+fp/hard\libc_nano.a(libc_a-memset.o)
 .debug_frame   0x000038bc       0x2c C:/ST/STM32CubeIDE_1.14.1/STM32CubeIDE/plugins/com.st.stm32cube.ide.mcu.externaltools.gnu-tools-for-stm32.12.3.rel1.win32_1.0.200.202406191623/tools/bin/../lib/gcc/arm-none-eabi/12.3.1/../../../../arm-none-eabi/lib/thumb/v7e-m+fp/hard\libc_nano.a(libc_a-init.o)
 .debug_frame   0x000038e8       0xac C:/ST/STM32CubeIDE_1.14.1/STM32CubeIDE/plugins/com.st.stm32cube.ide.mcu.externaltools.gnu-tools-for-stm32.12.3.rel1.win32_1.0.200.202406191623/tools/bin/../lib/gcc/arm-none-eabi/12.3.1/thumb/v7e-m+fp/hard\libgcc.a(_arm_addsubdf3.o)
 .debug_frame   0x00003994       0x50 C:/ST/STM32CubeIDE_1.14.1/STM32CubeIDE/plugins/com.st.stm32cube.ide.mcu.externaltools.gnu-tools-for-stm32.12.3.rel1.win32_1.0.200.202406191623/tools/bin/../lib/gcc/arm-none-eabi/12.3.1/thumb/v7e-m+fp/hard\libgcc.a(_arm_muldivdf3.o)
 .debug_frame   0x000039e4       0x24 C:/ST/STM32CubeIDE_1.14.1/STM32CubeIDE/plugins/com.st.stm32cube.ide.mcu.externaltools.gnu-tools-for-stm32.12.3.rel1.win32_1.0.200.202406191623/tools/bin/../lib/gcc/arm-none-eabi/12.3.1/thumb/v7e-m+fp/hard\libgcc.a(_arm_truncdfsf2.o)
 .debug_frame   0x00003a08       0x2c C:/ST/STM32CubeIDE_1.14.1/STM32CubeIDE/plugins/com.st.stm32cube.ide.mcu.externaltools.gnu-tools-for-stm32.12.3.rel1.win32_1.0.200.202406191623/tools/bin/../lib/gcc/arm-none-eabi/12.3.1/thumb/v7e-m+fp/hard\libgcc.a(_aeabi_uldivmod.o)
 .debug_frame   0x00003a34       0x34 C:/ST/STM32CubeIDE_1.14.1/STM32CubeIDE/plugins/com.st.stm32cube.ide.mcu.externaltools.gnu-tools-for-stm32.12.3.rel1.win32_1.0.200.202406191623/tools/bin/../lib/gcc/arm-none-eabi/12.3.1/thumb/v7e-m+fp/hard\libgcc.a(_udivmoddi4.o)

.debug_line_str
                0x00000000       0x67
 .debug_line_str
                0x00000000       0x67 ./Core/Startup/startup_stm32f407vgtx.o
