running egg_info
creating build/diag_pkg/diag_pkg.egg-info
writing build/diag_pkg/diag_pkg.egg-info/PKG-INFO
writing dependency_links to build/diag_pkg/diag_pkg.egg-info/dependency_links.txt
writing entry points to build/diag_pkg/diag_pkg.egg-info/entry_points.txt
writing requirements to build/diag_pkg/diag_pkg.egg-info/requires.txt
writing top-level names to build/diag_pkg/diag_pkg.egg-info/top_level.txt
writing manifest file 'build/diag_pkg/diag_pkg.egg-info/SOURCES.txt'
reading manifest file 'build/diag_pkg/diag_pkg.egg-info/SOURCES.txt'
writing manifest file 'build/diag_pkg/diag_pkg.egg-info/SOURCES.txt'
running build
running build_py
creating /home/irmak/diag_ws/src/diag_pkg/build/diag_pkg/build
creating /home/irmak/diag_ws/src/diag_pkg/build/diag_pkg/build/lib
creating /home/irmak/diag_ws/src/diag_pkg/build/diag_pkg/build/lib/diag_pkg
copying diag_pkg/pub.py -> /home/irmak/diag_ws/src/diag_pkg/build/diag_pkg/build/lib/diag_pkg
copying diag_pkg/diag_pointc2_node.py -> /home/irmak/diag_ws/src/diag_pkg/build/diag_pkg/build/lib/diag_pkg
copying diag_pkg/diag_markerarray_node.py -> /home/irmak/diag_ws/src/diag_pkg/build/diag_pkg/build/lib/diag_pkg
copying diag_pkg/diag_image_node.py -> /home/irmak/diag_ws/src/diag_pkg/build/diag_pkg/build/lib/diag_pkg
copying diag_pkg/diag_path_node.py -> /home/irmak/diag_ws/src/diag_pkg/build/diag_pkg/build/lib/diag_pkg
copying diag_pkg/diap_int8_node.py -> /home/irmak/diag_ws/src/diag_pkg/build/diag_pkg/build/lib/diag_pkg
copying diag_pkg/diag_posestamped_node.py -> /home/irmak/diag_ws/src/diag_pkg/build/diag_pkg/build/lib/diag_pkg
copying diag_pkg/__init__.py -> /home/irmak/diag_ws/src/diag_pkg/build/diag_pkg/build/lib/diag_pkg
copying diag_pkg/diag_int32ma_node.py -> /home/irmak/diag_ws/src/diag_pkg/build/diag_pkg/build/lib/diag_pkg
copying diag_pkg/diag_float32ma_node.py -> /home/irmak/diag_ws/src/diag_pkg/build/diag_pkg/build/lib/diag_pkg
copying diag_pkg/diag_laserscan_node.py -> /home/irmak/diag_ws/src/diag_pkg/build/diag_pkg/build/lib/diag_pkg
copying diag_pkg/diag_odom_node.py -> /home/irmak/diag_ws/src/diag_pkg/build/diag_pkg/build/lib/diag_pkg
copying diag_pkg/diag_posearray_node.py -> /home/irmak/diag_ws/src/diag_pkg/build/diag_pkg/build/lib/diag_pkg
copying diag_pkg/diag_string_node.py -> /home/irmak/diag_ws/src/diag_pkg/build/diag_pkg/build/lib/diag_pkg
copying diag_pkg/diag_int32_node.py -> /home/irmak/diag_ws/src/diag_pkg/build/diag_pkg/build/lib/diag_pkg
copying diag_pkg/diag_grid_node.py -> /home/irmak/diag_ws/src/diag_pkg/build/diag_pkg/build/lib/diag_pkg
running install
running install_lib
creating /home/irmak/diag_ws/src/diag_pkg/install/diag_pkg/lib/python3.10/site-packages/diag_pkg
copying /home/irmak/diag_ws/src/diag_pkg/build/diag_pkg/build/lib/diag_pkg/pub.py -> /home/irmak/diag_ws/src/diag_pkg/install/diag_pkg/lib/python3.10/site-packages/diag_pkg
copying /home/irmak/diag_ws/src/diag_pkg/build/diag_pkg/build/lib/diag_pkg/diag_pointc2_node.py -> /home/irmak/diag_ws/src/diag_pkg/install/diag_pkg/lib/python3.10/site-packages/diag_pkg
copying /home/irmak/diag_ws/src/diag_pkg/build/diag_pkg/build/lib/diag_pkg/diag_markerarray_node.py -> /home/irmak/diag_ws/src/diag_pkg/install/diag_pkg/lib/python3.10/site-packages/diag_pkg
copying /home/irmak/diag_ws/src/diag_pkg/build/diag_pkg/build/lib/diag_pkg/diag_image_node.py -> /home/irmak/diag_ws/src/diag_pkg/install/diag_pkg/lib/python3.10/site-packages/diag_pkg
copying /home/irmak/diag_ws/src/diag_pkg/build/diag_pkg/build/lib/diag_pkg/diag_path_node.py -> /home/irmak/diag_ws/src/diag_pkg/install/diag_pkg/lib/python3.10/site-packages/diag_pkg
copying /home/irmak/diag_ws/src/diag_pkg/build/diag_pkg/build/lib/diag_pkg/diap_int8_node.py -> /home/irmak/diag_ws/src/diag_pkg/install/diag_pkg/lib/python3.10/site-packages/diag_pkg
copying /home/irmak/diag_ws/src/diag_pkg/build/diag_pkg/build/lib/diag_pkg/diag_posestamped_node.py -> /home/irmak/diag_ws/src/diag_pkg/install/diag_pkg/lib/python3.10/site-packages/diag_pkg
copying /home/irmak/diag_ws/src/diag_pkg/build/diag_pkg/build/lib/diag_pkg/__init__.py -> /home/irmak/diag_ws/src/diag_pkg/install/diag_pkg/lib/python3.10/site-packages/diag_pkg
copying /home/irmak/diag_ws/src/diag_pkg/build/diag_pkg/build/lib/diag_pkg/diag_int32ma_node.py -> /home/irmak/diag_ws/src/diag_pkg/install/diag_pkg/lib/python3.10/site-packages/diag_pkg
copying /home/irmak/diag_ws/src/diag_pkg/build/diag_pkg/build/lib/diag_pkg/diag_float32ma_node.py -> /home/irmak/diag_ws/src/diag_pkg/install/diag_pkg/lib/python3.10/site-packages/diag_pkg
copying /home/irmak/diag_ws/src/diag_pkg/build/diag_pkg/build/lib/diag_pkg/diag_laserscan_node.py -> /home/irmak/diag_ws/src/diag_pkg/install/diag_pkg/lib/python3.10/site-packages/diag_pkg
copying /home/irmak/diag_ws/src/diag_pkg/build/diag_pkg/build/lib/diag_pkg/diag_odom_node.py -> /home/irmak/diag_ws/src/diag_pkg/install/diag_pkg/lib/python3.10/site-packages/diag_pkg
copying /home/irmak/diag_ws/src/diag_pkg/build/diag_pkg/build/lib/diag_pkg/diag_posearray_node.py -> /home/irmak/diag_ws/src/diag_pkg/install/diag_pkg/lib/python3.10/site-packages/diag_pkg
copying /home/irmak/diag_ws/src/diag_pkg/build/diag_pkg/build/lib/diag_pkg/diag_string_node.py -> /home/irmak/diag_ws/src/diag_pkg/install/diag_pkg/lib/python3.10/site-packages/diag_pkg
copying /home/irmak/diag_ws/src/diag_pkg/build/diag_pkg/build/lib/diag_pkg/diag_int32_node.py -> /home/irmak/diag_ws/src/diag_pkg/install/diag_pkg/lib/python3.10/site-packages/diag_pkg
copying /home/irmak/diag_ws/src/diag_pkg/build/diag_pkg/build/lib/diag_pkg/diag_grid_node.py -> /home/irmak/diag_ws/src/diag_pkg/install/diag_pkg/lib/python3.10/site-packages/diag_pkg
byte-compiling /home/irmak/diag_ws/src/diag_pkg/install/diag_pkg/lib/python3.10/site-packages/diag_pkg/pub.py to pub.cpython-310.pyc
byte-compiling /home/irmak/diag_ws/src/diag_pkg/install/diag_pkg/lib/python3.10/site-packages/diag_pkg/diag_pointc2_node.py to diag_pointc2_node.cpython-310.pyc
byte-compiling /home/irmak/diag_ws/src/diag_pkg/install/diag_pkg/lib/python3.10/site-packages/diag_pkg/diag_markerarray_node.py to diag_markerarray_node.cpython-310.pyc
byte-compiling /home/irmak/diag_ws/src/diag_pkg/install/diag_pkg/lib/python3.10/site-packages/diag_pkg/diag_image_node.py to diag_image_node.cpython-310.pyc
byte-compiling /home/irmak/diag_ws/src/diag_pkg/install/diag_pkg/lib/python3.10/site-packages/diag_pkg/diag_path_node.py to diag_path_node.cpython-310.pyc
byte-compiling /home/irmak/diag_ws/src/diag_pkg/install/diag_pkg/lib/python3.10/site-packages/diag_pkg/diap_int8_node.py to diap_int8_node.cpython-310.pyc
byte-compiling /home/irmak/diag_ws/src/diag_pkg/install/diag_pkg/lib/python3.10/site-packages/diag_pkg/diag_posestamped_node.py to diag_posestamped_node.cpython-310.pyc
byte-compiling /home/irmak/diag_ws/src/diag_pkg/install/diag_pkg/lib/python3.10/site-packages/diag_pkg/__init__.py to __init__.cpython-310.pyc
byte-compiling /home/irmak/diag_ws/src/diag_pkg/install/diag_pkg/lib/python3.10/site-packages/diag_pkg/diag_int32ma_node.py to diag_int32ma_node.cpython-310.pyc
byte-compiling /home/irmak/diag_ws/src/diag_pkg/install/diag_pkg/lib/python3.10/site-packages/diag_pkg/diag_float32ma_node.py to diag_float32ma_node.cpython-310.pyc
byte-compiling /home/irmak/diag_ws/src/diag_pkg/install/diag_pkg/lib/python3.10/site-packages/diag_pkg/diag_laserscan_node.py to diag_laserscan_node.cpython-310.pyc
byte-compiling /home/irmak/diag_ws/src/diag_pkg/install/diag_pkg/lib/python3.10/site-packages/diag_pkg/diag_odom_node.py to diag_odom_node.cpython-310.pyc
byte-compiling /home/irmak/diag_ws/src/diag_pkg/install/diag_pkg/lib/python3.10/site-packages/diag_pkg/diag_posearray_node.py to diag_posearray_node.cpython-310.pyc
byte-compiling /home/irmak/diag_ws/src/diag_pkg/install/diag_pkg/lib/python3.10/site-packages/diag_pkg/diag_string_node.py to diag_string_node.cpython-310.pyc
byte-compiling /home/irmak/diag_ws/src/diag_pkg/install/diag_pkg/lib/python3.10/site-packages/diag_pkg/diag_int32_node.py to diag_int32_node.cpython-310.pyc
byte-compiling /home/irmak/diag_ws/src/diag_pkg/install/diag_pkg/lib/python3.10/site-packages/diag_pkg/diag_grid_node.py to diag_grid_node.cpython-310.pyc
running install_data
creating /home/irmak/diag_ws/src/diag_pkg/install/diag_pkg/share/ament_index
creating /home/irmak/diag_ws/src/diag_pkg/install/diag_pkg/share/ament_index/resource_index
creating /home/irmak/diag_ws/src/diag_pkg/install/diag_pkg/share/ament_index/resource_index/packages
copying resource/diag_pkg -> /home/irmak/diag_ws/src/diag_pkg/install/diag_pkg/share/ament_index/resource_index/packages
copying package.xml -> /home/irmak/diag_ws/src/diag_pkg/install/diag_pkg/share/diag_pkg
creating /home/irmak/diag_ws/src/diag_pkg/install/diag_pkg/share/diag_pkg/launch
copying launch/diag_.launch.py -> /home/irmak/diag_ws/src/diag_pkg/install/diag_pkg/share/diag_pkg/launch
creating /home/irmak/diag_ws/src/diag_pkg/install/diag_pkg/share/diag_pkg/config
copying config/diag_params.yaml -> /home/irmak/diag_ws/src/diag_pkg/install/diag_pkg/share/diag_pkg/config
running install_egg_info
Copying build/diag_pkg/diag_pkg.egg-info to /home/irmak/diag_ws/src/diag_pkg/install/diag_pkg/lib/python3.10/site-packages/diag_pkg-0.0.0-py3.10.egg-info
running install_scripts
Installing diag_float32ma_node script to /home/irmak/diag_ws/src/diag_pkg/install/diag_pkg/lib/diag_pkg
Installing diag_grid_node script to /home/irmak/diag_ws/src/diag_pkg/install/diag_pkg/lib/diag_pkg
Installing diag_image_node script to /home/irmak/diag_ws/src/diag_pkg/install/diag_pkg/lib/diag_pkg
Installing diag_int32_node script to /home/irmak/diag_ws/src/diag_pkg/install/diag_pkg/lib/diag_pkg
Installing diag_int32ma_node script to /home/irmak/diag_ws/src/diag_pkg/install/diag_pkg/lib/diag_pkg
Installing diag_int8_node script to /home/irmak/diag_ws/src/diag_pkg/install/diag_pkg/lib/diag_pkg
Installing diag_laserscan_node script to /home/irmak/diag_ws/src/diag_pkg/install/diag_pkg/lib/diag_pkg
Installing diag_markerarray_node script to /home/irmak/diag_ws/src/diag_pkg/install/diag_pkg/lib/diag_pkg
Installing diag_odom_node script to /home/irmak/diag_ws/src/diag_pkg/install/diag_pkg/lib/diag_pkg
Installing diag_path_node script to /home/irmak/diag_ws/src/diag_pkg/install/diag_pkg/lib/diag_pkg
Installing diag_pointc2_node script to /home/irmak/diag_ws/src/diag_pkg/install/diag_pkg/lib/diag_pkg
Installing diag_posearray_node script to /home/irmak/diag_ws/src/diag_pkg/install/diag_pkg/lib/diag_pkg
Installing diag_posestamped_node script to /home/irmak/diag_ws/src/diag_pkg/install/diag_pkg/lib/diag_pkg
Installing diag_string_node script to /home/irmak/diag_ws/src/diag_pkg/install/diag_pkg/lib/diag_pkg
writing list of installed files to '/home/irmak/diag_ws/src/diag_pkg/build/diag_pkg/install.log'
