/home/irmak/diag_ws/src/diag_pkg/install/diag_pkg/lib/python3.10/site-packages/diag_pkg/diag_pointc2_node.py
/home/irmak/diag_ws/src/diag_pkg/install/diag_pkg/lib/python3.10/site-packages/diag_pkg/diag_markerarray_node.py
/home/irmak/diag_ws/src/diag_pkg/install/diag_pkg/lib/python3.10/site-packages/diag_pkg/diag_image_node.py
/home/irmak/diag_ws/src/diag_pkg/install/diag_pkg/lib/python3.10/site-packages/diag_pkg/diag_int8s_node.py
/home/irmak/diag_ws/src/diag_pkg/install/diag_pkg/lib/python3.10/site-packages/diag_pkg/diag_path_node.py
/home/irmak/diag_ws/src/diag_pkg/install/diag_pkg/lib/python3.10/site-packages/diag_pkg/diag_posestamped_node.py
/home/irmak/diag_ws/src/diag_pkg/install/diag_pkg/lib/python3.10/site-packages/diag_pkg/__init__.py
/home/irmak/diag_ws/src/diag_pkg/install/diag_pkg/lib/python3.10/site-packages/diag_pkg/diag_int32ma_node.py
/home/irmak/diag_ws/src/diag_pkg/install/diag_pkg/lib/python3.10/site-packages/diag_pkg/diag_float32ma_node.py
/home/irmak/diag_ws/src/diag_pkg/install/diag_pkg/lib/python3.10/site-packages/diag_pkg/diag_laserscan_node.py
/home/irmak/diag_ws/src/diag_pkg/install/diag_pkg/lib/python3.10/site-packages/diag_pkg/diag_odom_node.py
/home/irmak/diag_ws/src/diag_pkg/install/diag_pkg/lib/python3.10/site-packages/diag_pkg/diag_posearray_node.py
/home/irmak/diag_ws/src/diag_pkg/install/diag_pkg/lib/python3.10/site-packages/diag_pkg/diag_string_node.py
/home/irmak/diag_ws/src/diag_pkg/install/diag_pkg/lib/python3.10/site-packages/diag_pkg/diag_int32s_node.py
/home/irmak/diag_ws/src/diag_pkg/install/diag_pkg/lib/python3.10/site-packages/diag_pkg/diag_int8_node.py
/home/irmak/diag_ws/src/diag_pkg/install/diag_pkg/lib/python3.10/site-packages/diag_pkg/diag_int32_node.py
/home/irmak/diag_ws/src/diag_pkg/install/diag_pkg/lib/python3.10/site-packages/diag_pkg/diag_grid_node.py
/home/irmak/diag_ws/src/diag_pkg/install/diag_pkg/lib/python3.10/site-packages/diag_pkg/__pycache__/diag_pointc2_node.cpython-310.pyc
/home/irmak/diag_ws/src/diag_pkg/install/diag_pkg/lib/python3.10/site-packages/diag_pkg/__pycache__/diag_markerarray_node.cpython-310.pyc
/home/irmak/diag_ws/src/diag_pkg/install/diag_pkg/lib/python3.10/site-packages/diag_pkg/__pycache__/diag_image_node.cpython-310.pyc
/home/irmak/diag_ws/src/diag_pkg/install/diag_pkg/lib/python3.10/site-packages/diag_pkg/__pycache__/diag_int8s_node.cpython-310.pyc
/home/irmak/diag_ws/src/diag_pkg/install/diag_pkg/lib/python3.10/site-packages/diag_pkg/__pycache__/diag_path_node.cpython-310.pyc
/home/irmak/diag_ws/src/diag_pkg/install/diag_pkg/lib/python3.10/site-packages/diag_pkg/__pycache__/diag_posestamped_node.cpython-310.pyc
/home/irmak/diag_ws/src/diag_pkg/install/diag_pkg/lib/python3.10/site-packages/diag_pkg/__pycache__/__init__.cpython-310.pyc
/home/irmak/diag_ws/src/diag_pkg/install/diag_pkg/lib/python3.10/site-packages/diag_pkg/__pycache__/diag_int32ma_node.cpython-310.pyc
/home/irmak/diag_ws/src/diag_pkg/install/diag_pkg/lib/python3.10/site-packages/diag_pkg/__pycache__/diag_float32ma_node.cpython-310.pyc
/home/irmak/diag_ws/src/diag_pkg/install/diag_pkg/lib/python3.10/site-packages/diag_pkg/__pycache__/diag_laserscan_node.cpython-310.pyc
/home/irmak/diag_ws/src/diag_pkg/install/diag_pkg/lib/python3.10/site-packages/diag_pkg/__pycache__/diag_odom_node.cpython-310.pyc
/home/irmak/diag_ws/src/diag_pkg/install/diag_pkg/lib/python3.10/site-packages/diag_pkg/__pycache__/diag_posearray_node.cpython-310.pyc
/home/irmak/diag_ws/src/diag_pkg/install/diag_pkg/lib/python3.10/site-packages/diag_pkg/__pycache__/diag_string_node.cpython-310.pyc
/home/irmak/diag_ws/src/diag_pkg/install/diag_pkg/lib/python3.10/site-packages/diag_pkg/__pycache__/diag_int32s_node.cpython-310.pyc
/home/irmak/diag_ws/src/diag_pkg/install/diag_pkg/lib/python3.10/site-packages/diag_pkg/__pycache__/diag_int8_node.cpython-310.pyc
/home/irmak/diag_ws/src/diag_pkg/install/diag_pkg/lib/python3.10/site-packages/diag_pkg/__pycache__/diag_int32_node.cpython-310.pyc
/home/irmak/diag_ws/src/diag_pkg/install/diag_pkg/lib/python3.10/site-packages/diag_pkg/__pycache__/diag_grid_node.cpython-310.pyc
/home/irmak/diag_ws/src/diag_pkg/install/diag_pkg/share/ament_index/resource_index/packages/diag_pkg
/home/irmak/diag_ws/src/diag_pkg/install/diag_pkg/share/diag_pkg/package.xml
/home/irmak/diag_ws/src/diag_pkg/install/diag_pkg/share/diag_pkg/launch/diag_.launch.py
/home/irmak/diag_ws/src/diag_pkg/install/diag_pkg/share/diag_pkg/config/diag_params.yaml
/home/irmak/diag_ws/src/diag_pkg/install/diag_pkg/share/diag_pkg/config/layer_flags.yaml
/home/irmak/diag_ws/src/diag_pkg/install/diag_pkg/lib/python3.10/site-packages/diag_pkg-0.0.0-py3.10.egg-info/entry_points.txt
/home/irmak/diag_ws/src/diag_pkg/install/diag_pkg/lib/python3.10/site-packages/diag_pkg-0.0.0-py3.10.egg-info/requires.txt
/home/irmak/diag_ws/src/diag_pkg/install/diag_pkg/lib/python3.10/site-packages/diag_pkg-0.0.0-py3.10.egg-info/zip-safe
/home/irmak/diag_ws/src/diag_pkg/install/diag_pkg/lib/python3.10/site-packages/diag_pkg-0.0.0-py3.10.egg-info/PKG-INFO
/home/irmak/diag_ws/src/diag_pkg/install/diag_pkg/lib/python3.10/site-packages/diag_pkg-0.0.0-py3.10.egg-info/top_level.txt
/home/irmak/diag_ws/src/diag_pkg/install/diag_pkg/lib/python3.10/site-packages/diag_pkg-0.0.0-py3.10.egg-info/dependency_links.txt
/home/irmak/diag_ws/src/diag_pkg/install/diag_pkg/lib/python3.10/site-packages/diag_pkg-0.0.0-py3.10.egg-info/SOURCES.txt
/home/irmak/diag_ws/src/diag_pkg/install/diag_pkg/lib/diag_pkg/diag_float32ma_node
/home/irmak/diag_ws/src/diag_pkg/install/diag_pkg/lib/diag_pkg/diag_grid_node
/home/irmak/diag_ws/src/diag_pkg/install/diag_pkg/lib/diag_pkg/diag_image_node
/home/irmak/diag_ws/src/diag_pkg/install/diag_pkg/lib/diag_pkg/diag_int32_node
/home/irmak/diag_ws/src/diag_pkg/install/diag_pkg/lib/diag_pkg/diag_int32ma_node
/home/irmak/diag_ws/src/diag_pkg/install/diag_pkg/lib/diag_pkg/diag_int32s_node
/home/irmak/diag_ws/src/diag_pkg/install/diag_pkg/lib/diag_pkg/diag_int8_node
/home/irmak/diag_ws/src/diag_pkg/install/diag_pkg/lib/diag_pkg/diag_int8s_node
/home/irmak/diag_ws/src/diag_pkg/install/diag_pkg/lib/diag_pkg/diag_laserscan_node
/home/irmak/diag_ws/src/diag_pkg/install/diag_pkg/lib/diag_pkg/diag_markerarray_node
/home/irmak/diag_ws/src/diag_pkg/install/diag_pkg/lib/diag_pkg/diag_odom_node
/home/irmak/diag_ws/src/diag_pkg/install/diag_pkg/lib/diag_pkg/diag_path_node
/home/irmak/diag_ws/src/diag_pkg/install/diag_pkg/lib/diag_pkg/diag_pointc2_node
/home/irmak/diag_ws/src/diag_pkg/install/diag_pkg/lib/diag_pkg/diag_posearray_node
/home/irmak/diag_ws/src/diag_pkg/install/diag_pkg/lib/diag_pkg/diag_posestamped_node
/home/irmak/diag_ws/src/diag_pkg/install/diag_pkg/lib/diag_pkg/diag_string_node
