../Core/Src/main.c:151:7:velocalculate	2
../Core/Src/main.c:160:6:motorrhiz	3
../Core/Src/main.c:182:7:drive_func	1
../Core/Src/main.c:187:8:motorfonksiyon_pid	3
../Core/Src/main.c:219:8:motorfonksiyon_pid_i2c	3
../Core/Src/main.c:250:8:drive_func_i2c	1
../Core/Src/main.c:254:7:i2c_sum	3
../Core/Src/main.c:276:5:main	20
../Core/Src/main.c:489:6:SystemClock_Config	3
../Core/Src/main.c:535:13:MX_I2C1_Init	2
../Core/Src/main.c:569:13:MX_I2C2_Init	2
../Core/Src/main.c:603:13:MX_TIM1_Init	8
../Core/Src/main.c:682:13:MX_TIM2_Init	4
../Core/Src/main.c:727:13:MX_TIM3_Init	9
../Core/Src/main.c:798:13:MX_TIM4_Init	6
../Core/Src/main.c:856:13:MX_TIM5_Init	4
../Core/Src/main.c:901:13:MX_GPIO_Init	1
../Core/Src/main.c:1018:6:HAL_I2C_AddrCallback	5
../Core/Src/main.c:1031:6:HAL_I2C_ListenCpltCallback	3
../Core/Src/main.c:1041:6:HAL_I2C_ErrorCallback	3
../Core/Src/main.c:1056:6:Error_Handler	1
