../Core/Src/stm32f4xx_it.c:113:6:NMI_Handler	4	static
../Core/Src/stm32f4xx_it.c:128:6:HardFault_Handler	4	static
../Core/Src/stm32f4xx_it.c:143:6:MemManage_Handler	4	static
../Core/Src/stm32f4xx_it.c:158:6:BusFault_Handler	4	static
../Core/Src/stm32f4xx_it.c:173:6:UsageFault_Handler	4	static
../Core/Src/stm32f4xx_it.c:188:6:SVC_Handler	4	static
../Core/Src/stm32f4xx_it.c:201:6:DebugMon_Handler	4	static
../Core/Src/stm32f4xx_it.c:214:6:PendSV_Handler	4	static
../Core/Src/stm32f4xx_it.c:227:6:SysTick_Handler	8	static
../Core/Src/stm32f4xx_it.c:272:6:EXTI0_IRQHandler	8	static
../Core/Src/stm32f4xx_it.c:320:6:EXTI1_IRQHandler	8	static
../Core/Src/stm32f4xx_it.c:369:6:EXTI2_IRQHandler	8	static
../Core/Src/stm32f4xx_it.c:403:6:EXTI3_IRQHandler	8	static
../Core/Src/stm32f4xx_it.c:417:6:EXTI4_IRQHandler	8	static
../Core/Src/stm32f4xx_it.c:456:6:EXTI9_5_IRQHandler	8	static
../Core/Src/stm32f4xx_it.c:472:6:TIM4_IRQHandler	8	static
../Core/Src/stm32f4xx_it.c:492:6:I2C1_EV_IRQHandler	8	static
../Core/Src/stm32f4xx_it.c:506:6:I2C1_ER_IRQHandler	8	static
../Core/Src/stm32f4xx_it.c:520:6:I2C2_EV_IRQHandler	8	static
../Core/Src/stm32f4xx_it.c:534:6:I2C2_ER_IRQHandler	8	static
../Core/Src/stm32f4xx_it.c:548:6:EXTI15_10_IRQHandler	8	static
