../Core/Src/main.c:143:7:motor_fonksiyonu	8	static
../Core/Src/main.c:182:7:motorfonksiyon_pid	8	static
../Core/Src/main.c:330:5:main	8	static
../Core/Src/main.c:499:6:SystemClock_Config	88	static
../Core/Src/main.c:545:13:MX_I2C1_Init	8	static
../Core/Src/main.c:579:13:MX_TIM1_Init	96	static
../Core/Src/main.c:658:13:MX_TIM2_Init	32	static
../Core/Src/main.c:703:13:MX_TIM3_Init	48	static
../Core/Src/main.c:764:13:MX_TIM4_Init	32	static
../Core/Src/main.c:809:13:MX_TIM5_Init	32	static
../Core/Src/main.c:854:13:MX_GPIO_Init	56	static
../Core/Src/main.c:972:6:Error_Handler	4	static,ignoring_inline_asm
