running egg_info
writing build/diag_pkg/diag_pkg.egg-info/PKG-INFO
writing dependency_links to build/diag_pkg/diag_pkg.egg-info/dependency_links.txt
writing entry points to build/diag_pkg/diag_pkg.egg-info/entry_points.txt
writing requirements to build/diag_pkg/diag_pkg.egg-info/requires.txt
writing top-level names to build/diag_pkg/diag_pkg.egg-info/top_level.txt
reading manifest file 'build/diag_pkg/diag_pkg.egg-info/SOURCES.txt'
writing manifest file 'build/diag_pkg/diag_pkg.egg-info/SOURCES.txt'
running build
running build_py
running install
running install_lib
running install_data
copying launch/diag_.launch.py -> /home/irmak/diag_ws/src/diag_pkg/install/diag_pkg/share/diag_pkg/launch
copying config/diag_params.yaml -> /home/irmak/diag_ws/src/diag_pkg/install/diag_pkg/share/diag_pkg/config
copying config/layer_flags.yaml -> /home/irmak/diag_ws/src/diag_pkg/install/diag_pkg/share/diag_pkg/config
running install_egg_info
removing '/home/irmak/diag_ws/src/diag_pkg/install/diag_pkg/lib/python3.10/site-packages/diag_pkg-0.0.0-py3.10.egg-info' (and everything under it)
Copying build/diag_pkg/diag_pkg.egg-info to /home/irmak/diag_ws/src/diag_pkg/install/diag_pkg/lib/python3.10/site-packages/diag_pkg-0.0.0-py3.10.egg-info
running install_scripts
Installing diag_float32ma_node script to /home/irmak/diag_ws/src/diag_pkg/install/diag_pkg/lib/diag_pkg
Installing diag_grid_node script to /home/irmak/diag_ws/src/diag_pkg/install/diag_pkg/lib/diag_pkg
Installing diag_image_node script to /home/irmak/diag_ws/src/diag_pkg/install/diag_pkg/lib/diag_pkg
Installing diag_int32_node script to /home/irmak/diag_ws/src/diag_pkg/install/diag_pkg/lib/diag_pkg
Installing diag_int32ma_node script to /home/irmak/diag_ws/src/diag_pkg/install/diag_pkg/lib/diag_pkg
Installing diag_int8_node script to /home/irmak/diag_ws/src/diag_pkg/install/diag_pkg/lib/diag_pkg
Installing diag_laserscan_node script to /home/irmak/diag_ws/src/diag_pkg/install/diag_pkg/lib/diag_pkg
Installing diag_markerarray_node script to /home/irmak/diag_ws/src/diag_pkg/install/diag_pkg/lib/diag_pkg
Installing diag_odom_node script to /home/irmak/diag_ws/src/diag_pkg/install/diag_pkg/lib/diag_pkg
Installing diag_path_node script to /home/irmak/diag_ws/src/diag_pkg/install/diag_pkg/lib/diag_pkg
Installing diag_pointc2_node script to /home/irmak/diag_ws/src/diag_pkg/install/diag_pkg/lib/diag_pkg
Installing diag_posearray_node script to /home/irmak/diag_ws/src/diag_pkg/install/diag_pkg/lib/diag_pkg
Installing diag_posestamped_node script to /home/irmak/diag_ws/src/diag_pkg/install/diag_pkg/lib/diag_pkg
Installing diag_string_node script to /home/irmak/diag_ws/src/diag_pkg/install/diag_pkg/lib/diag_pkg
writing list of installed files to '/home/irmak/diag_ws/src/diag_pkg/build/diag_pkg/install.log'
