../Core/Src/main.c:91:5:main	8	static
../Core/Src/main.c:174:6:SystemClock_Config	88	static
../Core/Src/main.c:220:13:MX_I2C1_Init	8	static
../Core/Src/main.c:254:13:MX_I2S3_Init	8	static
../Core/Src/main.c:288:13:MX_SPI1_Init	8	static
../Core/Src/main.c:326:13:MX_TIM1_Init	96	static
../Core/Src/main.c:405:13:MX_TIM2_Init	32	static
../Core/Src/main.c:450:13:MX_USART2_UART_Init	8	static
../Core/Src/main.c:483:13:MX_GPIO_Init	56	static
../Core/Src/main.c:595:6:Error_Handler	4	static,ignoring_inline_asm
