../Core/Src/main.c:92:6:motor_fonksiyonu	8	static
../Core/Src/main.c:144:5:main	8	static
../Core/Src/main.c:268:6:SystemClock_Config	88	static
../Core/Src/main.c:314:13:MX_TIM1_Init	96	static
../Core/Src/main.c:393:13:MX_TIM2_Init	32	static
../Core/Src/main.c:438:13:MX_TIM3_Init	64	static
../Core/Src/main.c:497:13:MX_TIM4_Init	32	static
../Core/Src/main.c:542:13:MX_TIM5_Init	32	static
../Core/Src/main.c:587:13:MX_GPIO_Init	56	static
../Core/Src/main.c:668:6:Error_Handler	4	static,ignoring_inline_asm
