[0.318s] Invoking command in '/home/irmak/diag_ws/src/diag_pkg': CONDA_PROMPT_MODIFIER=(env39) PYTHONPATH=/home/irmak/diag_ws/src/diag_pkg/build/diag_pkg/prefix_override:/usr/lib/python3/dist-packages/colcon_core/task/python/colcon_distutils_commands:/home/irmak/diag_ws/src/diag_pkg/install/diag_pkg/lib/python3.10/site-packages:${PYTHONPATH} /usr/bin/python3 -W ignore:setup.py install is deprecated -W ignore:easy_install command is deprecated setup.py egg_info --egg-base build/diag_pkg build --build-base /home/irmak/diag_ws/src/diag_pkg/build/diag_pkg/build install --record /home/irmak/diag_ws/src/diag_pkg/build/diag_pkg/install.log --single-version-externally-managed install_data
[0.415s] running egg_info
[0.416s] writing build/diag_pkg/diag_pkg.egg-info/PKG-INFO
[0.416s] writing dependency_links to build/diag_pkg/diag_pkg.egg-info/dependency_links.txt
[0.416s] writing entry points to build/diag_pkg/diag_pkg.egg-info/entry_points.txt
[0.416s] writing requirements to build/diag_pkg/diag_pkg.egg-info/requires.txt
[0.416s] writing top-level names to build/diag_pkg/diag_pkg.egg-info/top_level.txt
[0.417s] reading manifest file 'build/diag_pkg/diag_pkg.egg-info/SOURCES.txt'
[0.418s] writing manifest file 'build/diag_pkg/diag_pkg.egg-info/SOURCES.txt'
[0.418s] running build
[0.418s] running build_py
[0.418s] copying diag_pkg/diag_pointc2_node.py -> /home/irmak/diag_ws/src/diag_pkg/build/diag_pkg/build/lib/diag_pkg
[0.418s] copying diag_pkg/diag_markerarray_node.py -> /home/irmak/diag_ws/src/diag_pkg/build/diag_pkg/build/lib/diag_pkg
[0.418s] copying diag_pkg/diag_image_node.py -> /home/irmak/diag_ws/src/diag_pkg/build/diag_pkg/build/lib/diag_pkg
[0.418s] copying diag_pkg/diag_int8s_node.py -> /home/irmak/diag_ws/src/diag_pkg/build/diag_pkg/build/lib/diag_pkg
[0.418s] copying diag_pkg/diag_path_node.py -> /home/irmak/diag_ws/src/diag_pkg/build/diag_pkg/build/lib/diag_pkg
[0.418s] copying diag_pkg/diag_posestamped_node.py -> /home/irmak/diag_ws/src/diag_pkg/build/diag_pkg/build/lib/diag_pkg
[0.418s] copying diag_pkg/diag_int32ma_node.py -> /home/irmak/diag_ws/src/diag_pkg/build/diag_pkg/build/lib/diag_pkg
[0.418s] copying diag_pkg/diag_float32ma_node.py -> /home/irmak/diag_ws/src/diag_pkg/build/diag_pkg/build/lib/diag_pkg
[0.418s] copying diag_pkg/diag_laserscan_node.py -> /home/irmak/diag_ws/src/diag_pkg/build/diag_pkg/build/lib/diag_pkg
[0.419s] copying diag_pkg/diag_odom_node.py -> /home/irmak/diag_ws/src/diag_pkg/build/diag_pkg/build/lib/diag_pkg
[0.419s] copying diag_pkg/diag_posearray_node.py -> /home/irmak/diag_ws/src/diag_pkg/build/diag_pkg/build/lib/diag_pkg
[0.419s] copying diag_pkg/diag_string_node.py -> /home/irmak/diag_ws/src/diag_pkg/build/diag_pkg/build/lib/diag_pkg
[0.419s] copying diag_pkg/diag_int32s_node.py -> /home/irmak/diag_ws/src/diag_pkg/build/diag_pkg/build/lib/diag_pkg
[0.419s] copying diag_pkg/diag_int8_node.py -> /home/irmak/diag_ws/src/diag_pkg/build/diag_pkg/build/lib/diag_pkg
[0.419s] copying diag_pkg/diag_int32_node.py -> /home/irmak/diag_ws/src/diag_pkg/build/diag_pkg/build/lib/diag_pkg
[0.419s] copying diag_pkg/diag_grid_node.py -> /home/irmak/diag_ws/src/diag_pkg/build/diag_pkg/build/lib/diag_pkg
[0.419s] running install
[0.419s] running install_lib
[0.420s] copying /home/irmak/diag_ws/src/diag_pkg/build/diag_pkg/build/lib/diag_pkg/diag_pointc2_node.py -> /home/irmak/diag_ws/src/diag_pkg/install/diag_pkg/lib/python3.10/site-packages/diag_pkg
[0.420s] copying /home/irmak/diag_ws/src/diag_pkg/build/diag_pkg/build/lib/diag_pkg/diag_markerarray_node.py -> /home/irmak/diag_ws/src/diag_pkg/install/diag_pkg/lib/python3.10/site-packages/diag_pkg
[0.420s] copying /home/irmak/diag_ws/src/diag_pkg/build/diag_pkg/build/lib/diag_pkg/diag_image_node.py -> /home/irmak/diag_ws/src/diag_pkg/install/diag_pkg/lib/python3.10/site-packages/diag_pkg
[0.420s] copying /home/irmak/diag_ws/src/diag_pkg/build/diag_pkg/build/lib/diag_pkg/diag_int8s_node.py -> /home/irmak/diag_ws/src/diag_pkg/install/diag_pkg/lib/python3.10/site-packages/diag_pkg
[0.420s] copying /home/irmak/diag_ws/src/diag_pkg/build/diag_pkg/build/lib/diag_pkg/diag_path_node.py -> /home/irmak/diag_ws/src/diag_pkg/install/diag_pkg/lib/python3.10/site-packages/diag_pkg
[0.420s] copying /home/irmak/diag_ws/src/diag_pkg/build/diag_pkg/build/lib/diag_pkg/diag_posestamped_node.py -> /home/irmak/diag_ws/src/diag_pkg/install/diag_pkg/lib/python3.10/site-packages/diag_pkg
[0.420s] copying /home/irmak/diag_ws/src/diag_pkg/build/diag_pkg/build/lib/diag_pkg/diag_int32ma_node.py -> /home/irmak/diag_ws/src/diag_pkg/install/diag_pkg/lib/python3.10/site-packages/diag_pkg
[0.420s] copying /home/irmak/diag_ws/src/diag_pkg/build/diag_pkg/build/lib/diag_pkg/diag_float32ma_node.py -> /home/irmak/diag_ws/src/diag_pkg/install/diag_pkg/lib/python3.10/site-packages/diag_pkg
[0.420s] copying /home/irmak/diag_ws/src/diag_pkg/build/diag_pkg/build/lib/diag_pkg/diag_laserscan_node.py -> /home/irmak/diag_ws/src/diag_pkg/install/diag_pkg/lib/python3.10/site-packages/diag_pkg
[0.420s] copying /home/irmak/diag_ws/src/diag_pkg/build/diag_pkg/build/lib/diag_pkg/diag_odom_node.py -> /home/irmak/diag_ws/src/diag_pkg/install/diag_pkg/lib/python3.10/site-packages/diag_pkg
[0.421s] copying /home/irmak/diag_ws/src/diag_pkg/build/diag_pkg/build/lib/diag_pkg/diag_posearray_node.py -> /home/irmak/diag_ws/src/diag_pkg/install/diag_pkg/lib/python3.10/site-packages/diag_pkg
[0.421s] copying /home/irmak/diag_ws/src/diag_pkg/build/diag_pkg/build/lib/diag_pkg/diag_string_node.py -> /home/irmak/diag_ws/src/diag_pkg/install/diag_pkg/lib/python3.10/site-packages/diag_pkg
[0.421s] copying /home/irmak/diag_ws/src/diag_pkg/build/diag_pkg/build/lib/diag_pkg/diag_int32s_node.py -> /home/irmak/diag_ws/src/diag_pkg/install/diag_pkg/lib/python3.10/site-packages/diag_pkg
[0.421s] copying /home/irmak/diag_ws/src/diag_pkg/build/diag_pkg/build/lib/diag_pkg/diag_int8_node.py -> /home/irmak/diag_ws/src/diag_pkg/install/diag_pkg/lib/python3.10/site-packages/diag_pkg
[0.421s] copying /home/irmak/diag_ws/src/diag_pkg/build/diag_pkg/build/lib/diag_pkg/diag_int32_node.py -> /home/irmak/diag_ws/src/diag_pkg/install/diag_pkg/lib/python3.10/site-packages/diag_pkg
[0.421s] copying /home/irmak/diag_ws/src/diag_pkg/build/diag_pkg/build/lib/diag_pkg/diag_grid_node.py -> /home/irmak/diag_ws/src/diag_pkg/install/diag_pkg/lib/python3.10/site-packages/diag_pkg
[0.421s] byte-compiling /home/irmak/diag_ws/src/diag_pkg/install/diag_pkg/lib/python3.10/site-packages/diag_pkg/diag_pointc2_node.py to diag_pointc2_node.cpython-310.pyc
[0.422s] byte-compiling /home/irmak/diag_ws/src/diag_pkg/install/diag_pkg/lib/python3.10/site-packages/diag_pkg/diag_markerarray_node.py to diag_markerarray_node.cpython-310.pyc
[0.422s] byte-compiling /home/irmak/diag_ws/src/diag_pkg/install/diag_pkg/lib/python3.10/site-packages/diag_pkg/diag_image_node.py to diag_image_node.cpython-310.pyc
[0.423s] byte-compiling /home/irmak/diag_ws/src/diag_pkg/install/diag_pkg/lib/python3.10/site-packages/diag_pkg/diag_int8s_node.py to diag_int8s_node.cpython-310.pyc
[0.424s] byte-compiling /home/irmak/diag_ws/src/diag_pkg/install/diag_pkg/lib/python3.10/site-packages/diag_pkg/diag_path_node.py to diag_path_node.cpython-310.pyc
[0.424s] byte-compiling /home/irmak/diag_ws/src/diag_pkg/install/diag_pkg/lib/python3.10/site-packages/diag_pkg/diag_posestamped_node.py to diag_posestamped_node.cpython-310.pyc
[0.426s] byte-compiling /home/irmak/diag_ws/src/diag_pkg/install/diag_pkg/lib/python3.10/site-packages/diag_pkg/diag_int32ma_node.py to diag_int32ma_node.cpython-310.pyc
[0.426s] byte-compiling /home/irmak/diag_ws/src/diag_pkg/install/diag_pkg/lib/python3.10/site-packages/diag_pkg/diag_float32ma_node.py to diag_float32ma_node.cpython-310.pyc
[0.426s] byte-compiling /home/irmak/diag_ws/src/diag_pkg/install/diag_pkg/lib/python3.10/site-packages/diag_pkg/diag_laserscan_node.py to diag_laserscan_node.cpython-310.pyc
[0.426s] byte-compiling /home/irmak/diag_ws/src/diag_pkg/install/diag_pkg/lib/python3.10/site-packages/diag_pkg/diag_odom_node.py to diag_odom_node.cpython-310.pyc
[0.427s] byte-compiling /home/irmak/diag_ws/src/diag_pkg/install/diag_pkg/lib/python3.10/site-packages/diag_pkg/diag_posearray_node.py to diag_posearray_node.cpython-310.pyc
[0.428s] byte-compiling /home/irmak/diag_ws/src/diag_pkg/install/diag_pkg/lib/python3.10/site-packages/diag_pkg/diag_string_node.py to diag_string_node.cpython-310.pyc
[0.428s] byte-compiling /home/irmak/diag_ws/src/diag_pkg/install/diag_pkg/lib/python3.10/site-packages/diag_pkg/diag_int32s_node.py to diag_int32s_node.cpython-310.pyc
[0.429s] byte-compiling /home/irmak/diag_ws/src/diag_pkg/install/diag_pkg/lib/python3.10/site-packages/diag_pkg/diag_int8_node.py to diag_int8_node.cpython-310.pyc
[0.430s] byte-compiling /home/irmak/diag_ws/src/diag_pkg/install/diag_pkg/lib/python3.10/site-packages/diag_pkg/diag_int32_node.py to diag_int32_node.cpython-310.pyc
[0.430s] byte-compiling /home/irmak/diag_ws/src/diag_pkg/install/diag_pkg/lib/python3.10/site-packages/diag_pkg/diag_grid_node.py to diag_grid_node.cpython-310.pyc
[0.431s] running install_data
[0.431s] running install_egg_info
[0.432s] removing '/home/irmak/diag_ws/src/diag_pkg/install/diag_pkg/lib/python3.10/site-packages/diag_pkg-0.0.0-py3.10.egg-info' (and everything under it)
[0.433s] Copying build/diag_pkg/diag_pkg.egg-info to /home/irmak/diag_ws/src/diag_pkg/install/diag_pkg/lib/python3.10/site-packages/diag_pkg-0.0.0-py3.10.egg-info
[0.433s] running install_scripts
[0.443s] Installing diag_float32ma_node script to /home/irmak/diag_ws/src/diag_pkg/install/diag_pkg/lib/diag_pkg
[0.444s] Installing diag_grid_node script to /home/irmak/diag_ws/src/diag_pkg/install/diag_pkg/lib/diag_pkg
[0.444s] Installing diag_image_node script to /home/irmak/diag_ws/src/diag_pkg/install/diag_pkg/lib/diag_pkg
[0.444s] Installing diag_int32_node script to /home/irmak/diag_ws/src/diag_pkg/install/diag_pkg/lib/diag_pkg
[0.445s] Installing diag_int32ma_node script to /home/irmak/diag_ws/src/diag_pkg/install/diag_pkg/lib/diag_pkg
[0.445s] Installing diag_int32s_node script to /home/irmak/diag_ws/src/diag_pkg/install/diag_pkg/lib/diag_pkg
[0.445s] Installing diag_int8_node script to /home/irmak/diag_ws/src/diag_pkg/install/diag_pkg/lib/diag_pkg
[0.445s] Installing diag_int8s_node script to /home/irmak/diag_ws/src/diag_pkg/install/diag_pkg/lib/diag_pkg
[0.445s] Installing diag_laserscan_node script to /home/irmak/diag_ws/src/diag_pkg/install/diag_pkg/lib/diag_pkg
[0.445s] Installing diag_markerarray_node script to /home/irmak/diag_ws/src/diag_pkg/install/diag_pkg/lib/diag_pkg
[0.445s] Installing diag_odom_node script to /home/irmak/diag_ws/src/diag_pkg/install/diag_pkg/lib/diag_pkg
[0.445s] Installing diag_path_node script to /home/irmak/diag_ws/src/diag_pkg/install/diag_pkg/lib/diag_pkg
[0.445s] Installing diag_pointc2_node script to /home/irmak/diag_ws/src/diag_pkg/install/diag_pkg/lib/diag_pkg
[0.445s] Installing diag_posearray_node script to /home/irmak/diag_ws/src/diag_pkg/install/diag_pkg/lib/diag_pkg
[0.445s] Installing diag_posestamped_node script to /home/irmak/diag_ws/src/diag_pkg/install/diag_pkg/lib/diag_pkg
[0.446s] Installing diag_string_node script to /home/irmak/diag_ws/src/diag_pkg/install/diag_pkg/lib/diag_pkg
[0.450s] writing list of installed files to '/home/irmak/diag_ws/src/diag_pkg/build/diag_pkg/install.log'
[0.464s] Invoked command in '/home/irmak/diag_ws/src/diag_pkg' returned '0': CONDA_PROMPT_MODIFIER=(env39) PYTHONPATH=/home/irmak/diag_ws/src/diag_pkg/build/diag_pkg/prefix_override:/usr/lib/python3/dist-packages/colcon_core/task/python/colcon_distutils_commands:/home/irmak/diag_ws/src/diag_pkg/install/diag_pkg/lib/python3.10/site-packages:${PYTHONPATH} /usr/bin/python3 -W ignore:setup.py install is deprecated -W ignore:easy_install command is deprecated setup.py egg_info --egg-base build/diag_pkg build --build-base /home/irmak/diag_ws/src/diag_pkg/build/diag_pkg/build install --record /home/irmak/diag_ws/src/diag_pkg/build/diag_pkg/install.log --single-version-externally-managed install_data
