[0.276s] Invoking command in '/home/irmak/diag_ws/src/diag_pkg': CONDA_PROMPT_MODIFIER=(env39) PYTHONPATH=/home/irmak/diag_ws/src/diag_pkg/build/diag_pkg/prefix_override:/usr/lib/python3/dist-packages/colcon_core/task/python/colcon_distutils_commands:/home/irmak/diag_ws/src/diag_pkg/install/diag_pkg/lib/python3.10/site-packages:${PYTHONPATH} /usr/bin/python3 -W ignore:setup.py install is deprecated -W ignore:easy_install command is deprecated setup.py egg_info --egg-base build/diag_pkg build --build-base /home/irmak/diag_ws/src/diag_pkg/build/diag_pkg/build install --record /home/irmak/diag_ws/src/diag_pkg/build/diag_pkg/install.log --single-version-externally-managed install_data
[0.366s] running egg_info
[0.366s] writing build/diag_pkg/diag_pkg.egg-info/PKG-INFO
[0.367s] writing dependency_links to build/diag_pkg/diag_pkg.egg-info/dependency_links.txt
[0.367s] writing entry points to build/diag_pkg/diag_pkg.egg-info/entry_points.txt
[0.367s] writing requirements to build/diag_pkg/diag_pkg.egg-info/requires.txt
[0.367s] writing top-level names to build/diag_pkg/diag_pkg.egg-info/top_level.txt
[0.368s] reading manifest file 'build/diag_pkg/diag_pkg.egg-info/SOURCES.txt'
[0.368s] writing manifest file 'build/diag_pkg/diag_pkg.egg-info/SOURCES.txt'
[0.369s] running build
[0.369s] running build_py
[0.369s] running install
[0.369s] running install_lib
[0.370s] running install_data
[0.370s] copying launch/diag_.launch.py -> /home/irmak/diag_ws/src/diag_pkg/install/diag_pkg/share/diag_pkg/launch
[0.370s] copying config/layer_flags.yaml -> /home/irmak/diag_ws/src/diag_pkg/install/diag_pkg/share/diag_pkg/config
[0.370s] running install_egg_info
[0.371s] removing '/home/irmak/diag_ws/src/diag_pkg/install/diag_pkg/lib/python3.10/site-packages/diag_pkg-0.0.0-py3.10.egg-info' (and everything under it)
[0.371s] Copying build/diag_pkg/diag_pkg.egg-info to /home/irmak/diag_ws/src/diag_pkg/install/diag_pkg/lib/python3.10/site-packages/diag_pkg-0.0.0-py3.10.egg-info
[0.372s] running install_scripts
[0.380s] Installing diag_float32ma_node script to /home/irmak/diag_ws/src/diag_pkg/install/diag_pkg/lib/diag_pkg
[0.380s] Installing diag_grid_node script to /home/irmak/diag_ws/src/diag_pkg/install/diag_pkg/lib/diag_pkg
[0.380s] Installing diag_image_node script to /home/irmak/diag_ws/src/diag_pkg/install/diag_pkg/lib/diag_pkg
[0.380s] Installing diag_int32_node script to /home/irmak/diag_ws/src/diag_pkg/install/diag_pkg/lib/diag_pkg
[0.380s] Installing diag_int32ma_node script to /home/irmak/diag_ws/src/diag_pkg/install/diag_pkg/lib/diag_pkg
[0.380s] Installing diag_int32s_node script to /home/irmak/diag_ws/src/diag_pkg/install/diag_pkg/lib/diag_pkg
[0.380s] Installing diag_int8_node script to /home/irmak/diag_ws/src/diag_pkg/install/diag_pkg/lib/diag_pkg
[0.380s] Installing diag_int8s_node script to /home/irmak/diag_ws/src/diag_pkg/install/diag_pkg/lib/diag_pkg
[0.381s] Installing diag_laserscan_node script to /home/irmak/diag_ws/src/diag_pkg/install/diag_pkg/lib/diag_pkg
[0.381s] Installing diag_markerarray_node script to /home/irmak/diag_ws/src/diag_pkg/install/diag_pkg/lib/diag_pkg
[0.381s] Installing diag_odom_node script to /home/irmak/diag_ws/src/diag_pkg/install/diag_pkg/lib/diag_pkg
[0.381s] Installing diag_path_node script to /home/irmak/diag_ws/src/diag_pkg/install/diag_pkg/lib/diag_pkg
[0.381s] Installing diag_pointc2_node script to /home/irmak/diag_ws/src/diag_pkg/install/diag_pkg/lib/diag_pkg
[0.381s] Installing diag_posearray_node script to /home/irmak/diag_ws/src/diag_pkg/install/diag_pkg/lib/diag_pkg
[0.381s] Installing diag_posestamped_node script to /home/irmak/diag_ws/src/diag_pkg/install/diag_pkg/lib/diag_pkg
[0.381s] Installing diag_string_node script to /home/irmak/diag_ws/src/diag_pkg/install/diag_pkg/lib/diag_pkg
[0.381s] writing list of installed files to '/home/irmak/diag_ws/src/diag_pkg/build/diag_pkg/install.log'
[0.391s] Invoked command in '/home/irmak/diag_ws/src/diag_pkg' returned '0': CONDA_PROMPT_MODIFIER=(env39) PYTHONPATH=/home/irmak/diag_ws/src/diag_pkg/build/diag_pkg/prefix_override:/usr/lib/python3/dist-packages/colcon_core/task/python/colcon_distutils_commands:/home/irmak/diag_ws/src/diag_pkg/install/diag_pkg/lib/python3.10/site-packages:${PYTHONPATH} /usr/bin/python3 -W ignore:setup.py install is deprecated -W ignore:easy_install command is deprecated setup.py egg_info --egg-base build/diag_pkg build --build-base /home/irmak/diag_ws/src/diag_pkg/build/diag_pkg/build install --record /home/irmak/diag_ws/src/diag_pkg/build/diag_pkg/install.log --single-version-externally-managed install_data
