[35m[1mScanning dependencies of target std_msgs_generate_messages_lisp[0m
[35m[1mScanning dependencies of target std_msgs_generate_messages_cpp[0m
[35m[1mScanning dependencies of target _st_pid_generate_messages_check_deps_Pat[0m
[35m[1mScanning dependencies of target std_msgs_generate_messages_py[0m
[35m[1mScanning dependencies of target std_msgs_generate_messages_nodejs[0m
[35m[1mScanning dependencies of target std_msgs_generate_messages_eus[0m
[  0%] Built target std_msgs_generate_messages_nodejs
[  0%] Built target std_msgs_generate_messages_lisp
[  0%] Built target std_msgs_generate_messages_py
[  0%] Built target std_msgs_generate_messages_cpp
[  0%] Built target std_msgs_generate_messages_eus
[  0%] Built target _st_pid_generate_messages_check_deps_Pat
[35m[1mScanning dependencies of target st_pid_generate_messages_lisp[0m
[35m[1mScanning dependencies of target st_pid_generate_messages_py[0m
[35m[1mScanning dependencies of target st_pid_generate_messages_nodejs[0m
[35m[1mScanning dependencies of target st_pid_generate_messages_eus[0m
[35m[1mScanning dependencies of target st_pid_generate_messages_cpp[0m
[ 57%] [34m[1mGenerating EusLisp code from st_pid/Pat.msg[0m
[ 57%] [34m[1mGenerating Python from MSG st_pid/Pat[0m
[ 57%] [34m[1mGenerating C++ code from st_pid/Pat.msg[0m
[ 57%] [34m[1mGenerating Javascript code from st_pid/Pat.msg[0m
[ 71%] [34m[1mGenerating Lisp code from st_pid/Pat.msg[0m
[ 85%] [34m[1mGenerating EusLisp manifest code for st_pid[0m
[ 85%] Built target st_pid_generate_messages_lisp
[ 85%] Built target st_pid_generate_messages_nodejs
[ 85%] Built target st_pid_generate_messages_cpp
[100%] [34m[1mGenerating Python msg __init__.py for st_pid[0m
[100%] Built target st_pid_generate_messages_py
[100%] Built target st_pid_generate_messages_eus
[35m[1mScanning dependencies of target st_pid_generate_messages[0m
[100%] Built target st_pid_generate_messages
