Linked: (/home/yorgundemokrat/Desktop/CONTROL/con_ws/devel/.private/st_pid/include/st_pid/Pat.h, /home/yorgundemokrat/Desktop/CONTROL/con_ws/devel/include/st_pid/Pat.h)
Linked: (/home/yorgundemokrat/Desktop/CONTROL/con_ws/devel/.private/st_pid/include/st_pid/Path.h, /home/yorgundemokrat/Desktop/CONTROL/con_ws/devel/include/st_pid/Path.h)
Linked: (/home/yorgundemokrat/Desktop/CONTROL/con_ws/devel/.private/st_pid/share/common-lisp/ros/st_pid/msg/st_pid-msg.asd, /home/yorgundemokrat/Desktop/CONTROL/con_ws/devel/share/common-lisp/ros/st_pid/msg/st_pid-msg.asd)
Linked: (/home/yorgundemokrat/Desktop/CONTROL/con_ws/devel/.private/st_pid/share/common-lisp/ros/st_pid/msg/_package_Path.lisp, /home/yorgundemokrat/Desktop/CONTROL/con_ws/devel/share/common-lisp/ros/st_pid/msg/_package_Path.lisp)
Linked: (/home/yorgundemokrat/Desktop/CONTROL/con_ws/devel/.private/st_pid/share/common-lisp/ros/st_pid/msg/_package_Pat.lisp, /home/yorgundemokrat/Desktop/CONTROL/con_ws/devel/share/common-lisp/ros/st_pid/msg/_package_Pat.lisp)
Linked: (/home/yorgundemokrat/Desktop/CONTROL/con_ws/devel/.private/st_pid/share/common-lisp/ros/st_pid/msg/_package.lisp, /home/yorgundemokrat/Desktop/CONTROL/con_ws/devel/share/common-lisp/ros/st_pid/msg/_package.lisp)
Linked: (/home/yorgundemokrat/Desktop/CONTROL/con_ws/devel/.private/st_pid/share/common-lisp/ros/st_pid/msg/Path.lisp, /home/yorgundemokrat/Desktop/CONTROL/con_ws/devel/share/common-lisp/ros/st_pid/msg/Path.lisp)
Linked: (/home/yorgundemokrat/Desktop/CONTROL/con_ws/devel/.private/st_pid/share/common-lisp/ros/st_pid/msg/Pat.lisp, /home/yorgundemokrat/Desktop/CONTROL/con_ws/devel/share/common-lisp/ros/st_pid/msg/Pat.lisp)
Linked: (/home/yorgundemokrat/Desktop/CONTROL/con_ws/devel/.private/st_pid/share/st_pid/cmake/st_pid-msg-paths.cmake, /home/yorgundemokrat/Desktop/CONTROL/con_ws/devel/share/st_pid/cmake/st_pid-msg-paths.cmake)
Linked: (/home/yorgundemokrat/Desktop/CONTROL/con_ws/devel/.private/st_pid/share/st_pid/cmake/st_pid-msg-extras.cmake, /home/yorgundemokrat/Desktop/CONTROL/con_ws/devel/share/st_pid/cmake/st_pid-msg-extras.cmake)
Linked: (/home/yorgundemokrat/Desktop/CONTROL/con_ws/devel/.private/st_pid/share/st_pid/cmake/st_pidConfig-version.cmake, /home/yorgundemokrat/Desktop/CONTROL/con_ws/devel/share/st_pid/cmake/st_pidConfig-version.cmake)
Linked: (/home/yorgundemokrat/Desktop/CONTROL/con_ws/devel/.private/st_pid/share/st_pid/cmake/st_pidConfig.cmake, /home/yorgundemokrat/Desktop/CONTROL/con_ws/devel/share/st_pid/cmake/st_pidConfig.cmake)
Linked: (/home/yorgundemokrat/Desktop/CONTROL/con_ws/devel/.private/st_pid/share/gennodejs/ros/st_pid/_index.js, /home/yorgundemokrat/Desktop/CONTROL/con_ws/devel/share/gennodejs/ros/st_pid/_index.js)
Linked: (/home/yorgundemokrat/Desktop/CONTROL/con_ws/devel/.private/st_pid/share/gennodejs/ros/st_pid/msg/_index.js, /home/yorgundemokrat/Desktop/CONTROL/con_ws/devel/share/gennodejs/ros/st_pid/msg/_index.js)
Linked: (/home/yorgundemokrat/Desktop/CONTROL/con_ws/devel/.private/st_pid/share/gennodejs/ros/st_pid/msg/Path.js, /home/yorgundemokrat/Desktop/CONTROL/con_ws/devel/share/gennodejs/ros/st_pid/msg/Path.js)
Linked: (/home/yorgundemokrat/Desktop/CONTROL/con_ws/devel/.private/st_pid/share/gennodejs/ros/st_pid/msg/Pat.js, /home/yorgundemokrat/Desktop/CONTROL/con_ws/devel/share/gennodejs/ros/st_pid/msg/Pat.js)
Linked: (/home/yorgundemokrat/Desktop/CONTROL/con_ws/devel/.private/st_pid/share/roseus/ros/st_pid/manifest.l, /home/yorgundemokrat/Desktop/CONTROL/con_ws/devel/share/roseus/ros/st_pid/manifest.l)
Linked: (/home/yorgundemokrat/Desktop/CONTROL/con_ws/devel/.private/st_pid/share/roseus/ros/st_pid/msg/Path.l, /home/yorgundemokrat/Desktop/CONTROL/con_ws/devel/share/roseus/ros/st_pid/msg/Path.l)
Linked: (/home/yorgundemokrat/Desktop/CONTROL/con_ws/devel/.private/st_pid/share/roseus/ros/st_pid/msg/Pat.l, /home/yorgundemokrat/Desktop/CONTROL/con_ws/devel/share/roseus/ros/st_pid/msg/Pat.l)
Linked: (/home/yorgundemokrat/Desktop/CONTROL/con_ws/devel/.private/st_pid/lib/pkgconfig/st_pid.pc, /home/yorgundemokrat/Desktop/CONTROL/con_ws/devel/lib/pkgconfig/st_pid.pc)
Linked: (/home/yorgundemokrat/Desktop/CONTROL/con_ws/devel/.private/st_pid/lib/python3/dist-packages/st_pid/__init__.py, /home/yorgundemokrat/Desktop/CONTROL/con_ws/devel/lib/python3/dist-packages/st_pid/__init__.py)
Linked: (/home/yorgundemokrat/Desktop/CONTROL/con_ws/devel/.private/st_pid/lib/python3/dist-packages/st_pid/msg/_Pat.py, /home/yorgundemokrat/Desktop/CONTROL/con_ws/devel/lib/python3/dist-packages/st_pid/msg/_Pat.py)
Linked: (/home/yorgundemokrat/Desktop/CONTROL/con_ws/devel/.private/st_pid/lib/python3/dist-packages/st_pid/msg/__init__.py, /home/yorgundemokrat/Desktop/CONTROL/con_ws/devel/lib/python3/dist-packages/st_pid/msg/__init__.py)
Linked: (/home/yorgundemokrat/Desktop/CONTROL/con_ws/devel/.private/st_pid/lib/python3/dist-packages/st_pid/msg/_Path.py, /home/yorgundemokrat/Desktop/CONTROL/con_ws/devel/lib/python3/dist-packages/st_pid/msg/_Path.py)
