[35m[1mScanning dependencies of target std_msgs_generate_messages_py[0m
[35m[1mScanning dependencies of target std_msgs_generate_messages_nodejs[0m
[35m[1mScanning dependencies of target std_msgs_generate_messages_cpp[0m
[35m[1mScanning dependencies of target _st_pid_generate_messages_check_deps_Pat[0m
[35m[1mScanning dependencies of target std_msgs_generate_messages_eus[0m
[35m[1mScanning dependencies of target std_msgs_generate_messages_lisp[0m
[  0%] Built target std_msgs_generate_messages_cpp
[  0%] Built target std_msgs_generate_messages_py
[  0%] Built target std_msgs_generate_messages_nodejs
[  0%] Built target std_msgs_generate_messages_eus
[  0%] Built target std_msgs_generate_messages_lisp
[  0%] Built target _st_pid_generate_messages_check_deps_Pat
[35m[1mScanning dependencies of target st_pid_generate_messages_py[0m
[35m[1mScanning dependencies of target st_pid_generate_messages_lisp[0m
[35m[1mScanning dependencies of target st_pid_generate_messages_nodejs[0m
[35m[1mScanning dependencies of target st_pid_generate_messages_eus[0m
[35m[1mScanning dependencies of target st_pid_generate_messages_cpp[0m
[ 14%] [34m[1mGenerating Python from MSG st_pid/Pat[0m
[ 28%] [34m[1mGenerating Javascript code from st_pid/Pat.msg[0m
[ 42%] [34m[1mGenerating EusLisp manifest code for st_pid[0m
[ 57%] [34m[1mGenerating C++ code from st_pid/Pat.msg[0m
[ 71%] [34m[1mGenerating Lisp code from st_pid/Pat.msg[0m
[ 85%] [34m[1mGenerating EusLisp code from st_pid/Pat.msg[0m
Traceback (most recent call last):
  File "/opt/ros/noetic/share/gencpp/cmake/../../../lib/gencpp/gen_cpp.py", line 50, in <module>
    sys.argv, msg_template_map, srv_template_map)
  File "/opt/ros/noetic/lib/python3/dist-packages/genmsg/template_tools.py", line 213, in generate_from_command_line_options
    generate_from_file(argv[1], options.package, options.outdir, options.emdir, options.includepath, msg_template_dict, srv_template_dict)
  File "/opt/ros/noetic/lib/python3/dist-packages/genmsg/template_tools.py", line 154, in generate_from_file
    _generate_msg_from_file(input_file, output_dir, template_dir, search_path, package_name, msg_template_dict)
  File "/opt/ros/noetic/lib/python3/dist-packages/genmsg/template_tools.py", line 99, in _generate_msg_from_file
    search_path)
  File "/opt/ros/noetic/lib/python3/dist-packages/genmsg/template_tools.py", line 77, in _generate_from_spec
    interpreter = em.Interpreter(output=ofile, globals=g, options={em.RAW_OPT:True,em.BUFFERED_OPT:True})
AttributeError: module 'em' has no attribute 'RAW_OPT'
make[2]: *** [CMakeFiles/st_pid_generate_messages_cpp.dir/build.make:63: /home/yorgundemokrat/Desktop/CONTROL/con_ws/devel/.private/st_pid/include/st_pid/Pat.h] Error 1
make[2]: *** Deleting file '/home/yorgundemokrat/Desktop/CONTROL/con_ws/devel/.private/st_pid/include/st_pid/Pat.h'
make[1]: *** [CMakeFiles/Makefile2:487: CMakeFiles/st_pid_generate_messages_cpp.dir/all] Error 2
make[1]: *** Waiting for unfinished jobs....
[ 85%] Built target st_pid_generate_messages_lisp
[ 85%] Built target st_pid_generate_messages_nodejs
[100%] [34m[1mGenerating Python msg __init__.py for st_pid[0m
[100%] Built target st_pid_generate_messages_py
[100%] Built target st_pid_generate_messages_eus
make: *** [Makefile:141: all] Error 2
