[35m[1mScanning dependencies of target _st_pid_generate_messages_check_deps_Path[0m
[  0%] Built target std_msgs_generate_messages_lisp
[  0%] Built target std_msgs_generate_messages_nodejs
[  0%] Built target std_msgs_generate_messages_cpp
[  0%] Built target std_msgs_generate_messages_py
[  0%] Built target std_msgs_generate_messages_eus
[  0%] Built target _st_pid_generate_messages_check_deps_Path
[  0%] Built target _st_pid_generate_messages_check_deps_Pat
[ 25%] [34m[1mGenerating Javascript code from st_pid/Path.msg[0m
[ 25%] [34m[1mGenerating EusLisp code from st_pid/Path.msg[0m
[ 25%] [34m[1mGenerating Lisp code from st_pid/Path.msg[0m
[ 41%] [34m[1mGenerating C++ code from st_pid/Path.msg[0m
[ 41%] [34m[1mGenerating Python from MSG st_pid/Path[0m
[ 50%] Built target st_pid_generate_messages_lisp
[ 58%] Built target st_pid_generate_messages_nodejs
[ 75%] Built target st_pid_generate_messages_eus
[ 83%] Built target st_pid_generate_messages_cpp
[ 91%] [34m[1mGenerating Python msg __init__.py for st_pid[0m
[100%] Built target st_pid_generate_messages_py
[100%] Built target st_pid_generate_messages
