[36m--[0m Using CATKIN_DEVEL_PREFIX: /home/yorgundemokrat/Desktop/CONTROL/con_ws/devel/.private/st_pid
[36m--[0m Using CMAKE_PREFIX_PATH: /home/yorgundemokrat/Desktop/CONTROL/con_ws/devel;/home/yorgundemokrat/carla-ros-bridge/catkin_ws/devel;/opt/ros/noetic
[36m--[0m This workspace overlays: /home/yorgundemokrat/Desktop/CONTROL/con_ws/devel;/home/yorgundemokrat/carla-ros-bridge/catkin_ws/devel;/opt/ros/noetic
[36m--[0m Found PythonInterp: /home/yorgundemokrat/anaconda3/envs/con/bin/python3 (found suitable version "3.7.16", minimum required is "3")
[36m--[0m Using PYTHON_EXECUTABLE: /home/yorgundemokrat/anaconda3/envs/con/bin/python3
[36m--[0m Using Debian Python package layout
[36m--[0m Using empy: /home/yorgundemokrat/anaconda3/envs/con/lib/python3.7/site-packages/em.py
[36m--[0m Using CATKIN_ENABLE_TESTING: ON
[36m--[0m Call enable_testing()
[36m--[0m Using CATKIN_TEST_RESULTS_DIR: /home/yorgundemokrat/Desktop/CONTROL/con_ws/build/st_pid/test_results
[36m--[0m Forcing gtest/gmock from source, though one was otherwise available.
[36m--[0m Found gtest sources under '/usr/src/googletest': gtests will be built
[36m--[0m Found gmock sources under '/usr/src/googletest': gmock will be built
[36m--[0m Found PythonInterp: /home/yorgundemokrat/anaconda3/envs/con/bin/python3 (found version "3.7.16")
[36m--[0m Using Python nosetests: /usr/bin/nosetests3
[36m--[0m catkin 0.8.10
[36m--[0m BUILD_SHARED_LIBS is on
[36m--[0m Using these message generators: gencpp;geneus;genlisp;gennodejs;genpy
[36m--[0m st_pid: 1 messages, 0 services
[36m--[0m Configuring done
[36m--[0m Generating done
[36m--[0m Build files have been written to: /home/yorgundemokrat/Desktop/CONTROL/con_ws/build/st_pid
