../Core/Src/main.c:90:6:motor_fonksiyonu	8	static
../Core/Src/main.c:123:5:main	8	static
../Core/Src/main.c:242:6:SystemClock_Config	88	static
../Core/Src/main.c:288:13:MX_TIM1_Init	96	static
../Core/Src/main.c:367:13:MX_TIM2_Init	32	static
../Core/Src/main.c:412:13:MX_TIM3_Init	64	static
../Core/Src/main.c:471:13:MX_TIM4_Init	32	static
../Core/Src/main.c:516:13:MX_TIM5_Init	32	static
../Core/Src/main.c:561:13:MX_GPIO_Init	56	static
../Core/Src/main.c:648:6:Error_Handler	4	static,ignoring_inline_asm
