[0.261s] Invoking command in '/home/irmak/diag_ws/src/diag_pkg': CONDA_PROMPT_MODIFIER=(env39) PYTHONPATH=/home/irmak/diag_ws/src/diag_pkg/build/diag_pkg/prefix_override:/usr/lib/python3/dist-packages/colcon_core/task/python/colcon_distutils_commands:/home/irmak/diag_ws/src/diag_pkg/install/diag_pkg/lib/python3.10/site-packages:${PYTHONPATH} /usr/bin/python3 -W ignore:setup.py install is deprecated -W ignore:easy_install command is deprecated setup.py egg_info --egg-base build/diag_pkg build --build-base /home/irmak/diag_ws/src/diag_pkg/build/diag_pkg/build install --record /home/irmak/diag_ws/src/diag_pkg/build/diag_pkg/install.log --single-version-externally-managed install_data
[0.353s] running egg_info
[0.353s] writing build/diag_pkg/diag_pkg.egg-info/PKG-INFO
[0.354s] writing dependency_links to build/diag_pkg/diag_pkg.egg-info/dependency_links.txt
[0.354s] writing entry points to build/diag_pkg/diag_pkg.egg-info/entry_points.txt
[0.354s] writing requirements to build/diag_pkg/diag_pkg.egg-info/requires.txt
[0.354s] writing top-level names to build/diag_pkg/diag_pkg.egg-info/top_level.txt
[0.355s] reading manifest file 'build/diag_pkg/diag_pkg.egg-info/SOURCES.txt'
[0.356s] writing manifest file 'build/diag_pkg/diag_pkg.egg-info/SOURCES.txt'
[0.356s] running build
[0.356s] running build_py
[0.356s] copying diag_pkg/diag_int8s_node.py -> /home/irmak/diag_ws/src/diag_pkg/build/diag_pkg/build/lib/diag_pkg
[0.356s] copying diag_pkg/diag_int32ma_node.py -> /home/irmak/diag_ws/src/diag_pkg/build/diag_pkg/build/lib/diag_pkg
[0.356s] copying diag_pkg/diag_int32s_node.py -> /home/irmak/diag_ws/src/diag_pkg/build/diag_pkg/build/lib/diag_pkg
[0.357s] copying diag_pkg/diag_int8_node.py -> /home/irmak/diag_ws/src/diag_pkg/build/diag_pkg/build/lib/diag_pkg
[0.357s] copying diag_pkg/diag_int32_node.py -> /home/irmak/diag_ws/src/diag_pkg/build/diag_pkg/build/lib/diag_pkg
[0.357s] running install
[0.357s] running install_lib
[0.357s] copying /home/irmak/diag_ws/src/diag_pkg/build/diag_pkg/build/lib/diag_pkg/diag_int8s_node.py -> /home/irmak/diag_ws/src/diag_pkg/install/diag_pkg/lib/python3.10/site-packages/diag_pkg
[0.357s] copying /home/irmak/diag_ws/src/diag_pkg/build/diag_pkg/build/lib/diag_pkg/diag_int32ma_node.py -> /home/irmak/diag_ws/src/diag_pkg/install/diag_pkg/lib/python3.10/site-packages/diag_pkg
[0.358s] copying /home/irmak/diag_ws/src/diag_pkg/build/diag_pkg/build/lib/diag_pkg/diag_int32s_node.py -> /home/irmak/diag_ws/src/diag_pkg/install/diag_pkg/lib/python3.10/site-packages/diag_pkg
[0.358s] copying /home/irmak/diag_ws/src/diag_pkg/build/diag_pkg/build/lib/diag_pkg/diag_int8_node.py -> /home/irmak/diag_ws/src/diag_pkg/install/diag_pkg/lib/python3.10/site-packages/diag_pkg
[0.358s] copying /home/irmak/diag_ws/src/diag_pkg/build/diag_pkg/build/lib/diag_pkg/diag_int32_node.py -> /home/irmak/diag_ws/src/diag_pkg/install/diag_pkg/lib/python3.10/site-packages/diag_pkg
[0.358s] byte-compiling /home/irmak/diag_ws/src/diag_pkg/install/diag_pkg/lib/python3.10/site-packages/diag_pkg/diag_int8s_node.py to diag_int8s_node.cpython-310.pyc
[0.359s] byte-compiling /home/irmak/diag_ws/src/diag_pkg/install/diag_pkg/lib/python3.10/site-packages/diag_pkg/diag_int32ma_node.py to diag_int32ma_node.cpython-310.pyc
[0.359s] byte-compiling /home/irmak/diag_ws/src/diag_pkg/install/diag_pkg/lib/python3.10/site-packages/diag_pkg/diag_int32s_node.py to diag_int32s_node.cpython-310.pyc
[0.360s] byte-compiling /home/irmak/diag_ws/src/diag_pkg/install/diag_pkg/lib/python3.10/site-packages/diag_pkg/diag_int8_node.py to diag_int8_node.cpython-310.pyc
[0.361s] byte-compiling /home/irmak/diag_ws/src/diag_pkg/install/diag_pkg/lib/python3.10/site-packages/diag_pkg/diag_int32_node.py to diag_int32_node.cpython-310.pyc
[0.361s] running install_data
[0.361s] copying launch/diag_.launch.py -> /home/irmak/diag_ws/src/diag_pkg/install/diag_pkg/share/diag_pkg/launch
[0.362s] copying config/diag_params.yaml -> /home/irmak/diag_ws/src/diag_pkg/install/diag_pkg/share/diag_pkg/config
[0.362s] copying config/layer_flags.yaml -> /home/irmak/diag_ws/src/diag_pkg/install/diag_pkg/share/diag_pkg/config
[0.362s] running install_egg_info
[0.363s] removing '/home/irmak/diag_ws/src/diag_pkg/install/diag_pkg/lib/python3.10/site-packages/diag_pkg-0.0.0-py3.10.egg-info' (and everything under it)
[0.363s] Copying build/diag_pkg/diag_pkg.egg-info to /home/irmak/diag_ws/src/diag_pkg/install/diag_pkg/lib/python3.10/site-packages/diag_pkg-0.0.0-py3.10.egg-info
[0.363s] running install_scripts
[0.371s] Installing diag_float32ma_node script to /home/irmak/diag_ws/src/diag_pkg/install/diag_pkg/lib/diag_pkg
[0.371s] Installing diag_grid_node script to /home/irmak/diag_ws/src/diag_pkg/install/diag_pkg/lib/diag_pkg
[0.372s] Installing diag_image_node script to /home/irmak/diag_ws/src/diag_pkg/install/diag_pkg/lib/diag_pkg
[0.372s] Installing diag_int32_node script to /home/irmak/diag_ws/src/diag_pkg/install/diag_pkg/lib/diag_pkg
[0.372s] Installing diag_int32ma_node script to /home/irmak/diag_ws/src/diag_pkg/install/diag_pkg/lib/diag_pkg
[0.372s] Installing diag_int32s_node script to /home/irmak/diag_ws/src/diag_pkg/install/diag_pkg/lib/diag_pkg
[0.372s] Installing diag_int8_node script to /home/irmak/diag_ws/src/diag_pkg/install/diag_pkg/lib/diag_pkg
[0.372s] Installing diag_int8s_node script to /home/irmak/diag_ws/src/diag_pkg/install/diag_pkg/lib/diag_pkg
[0.372s] Installing diag_laserscan_node script to /home/irmak/diag_ws/src/diag_pkg/install/diag_pkg/lib/diag_pkg
[0.372s] Installing diag_markerarray_node script to /home/irmak/diag_ws/src/diag_pkg/install/diag_pkg/lib/diag_pkg
[0.372s] Installing diag_odom_node script to /home/irmak/diag_ws/src/diag_pkg/install/diag_pkg/lib/diag_pkg
[0.372s] Installing diag_path_node script to /home/irmak/diag_ws/src/diag_pkg/install/diag_pkg/lib/diag_pkg
[0.373s] Installing diag_pointc2_node script to /home/irmak/diag_ws/src/diag_pkg/install/diag_pkg/lib/diag_pkg
[0.373s] Installing diag_posearray_node script to /home/irmak/diag_ws/src/diag_pkg/install/diag_pkg/lib/diag_pkg
[0.373s] Installing diag_posestamped_node script to /home/irmak/diag_ws/src/diag_pkg/install/diag_pkg/lib/diag_pkg
[0.373s] Installing diag_string_node script to /home/irmak/diag_ws/src/diag_pkg/install/diag_pkg/lib/diag_pkg
[0.373s] writing list of installed files to '/home/irmak/diag_ws/src/diag_pkg/build/diag_pkg/install.log'
[0.383s] Invoked command in '/home/irmak/diag_ws/src/diag_pkg' returned '0': CONDA_PROMPT_MODIFIER=(env39) PYTHONPATH=/home/irmak/diag_ws/src/diag_pkg/build/diag_pkg/prefix_override:/usr/lib/python3/dist-packages/colcon_core/task/python/colcon_distutils_commands:/home/irmak/diag_ws/src/diag_pkg/install/diag_pkg/lib/python3.10/site-packages:${PYTHONPATH} /usr/bin/python3 -W ignore:setup.py install is deprecated -W ignore:easy_install command is deprecated setup.py egg_info --egg-base build/diag_pkg build --build-base /home/irmak/diag_ws/src/diag_pkg/build/diag_pkg/build install --record /home/irmak/diag_ws/src/diag_pkg/build/diag_pkg/install.log --single-version-externally-managed install_data
