../Core/Src/main.c:145:7:motor_fonksiyonu	8	static
../Core/Src/main.c:184:7:motorfonksiyon_pid	8	static
../Core/Src/main.c:332:5:main	8	static
../Core/Src/main.c:503:6:SystemClock_Config	88	static
../Core/Src/main.c:549:13:MX_I2C1_Init	8	static
../Core/Src/main.c:583:13:MX_TIM1_Init	96	static
../Core/Src/main.c:662:13:MX_TIM2_Init	32	static
../Core/Src/main.c:707:13:MX_TIM3_Init	48	static
../Core/Src/main.c:768:13:MX_TIM4_Init	48	static
../Core/Src/main.c:826:13:MX_TIM5_Init	32	static
../Core/Src/main.c:871:13:MX_GPIO_Init	56	static
../Core/Src/main.c:989:6:Error_Handler	4	static,ignoring_inline_asm
