../Core/Src/stm32f4xx_it.c:110:6:NMI_Handler	4	static
../Core/Src/stm32f4xx_it.c:125:6:HardFault_Handler	4	static
../Core/Src/stm32f4xx_it.c:140:6:MemManage_Handler	4	static
../Core/Src/stm32f4xx_it.c:155:6:BusFault_Handler	4	static
../Core/Src/stm32f4xx_it.c:170:6:UsageFault_Handler	4	static
../Core/Src/stm32f4xx_it.c:185:6:SVC_Handler	4	static
../Core/Src/stm32f4xx_it.c:198:6:DebugMon_Handler	4	static
../Core/Src/stm32f4xx_it.c:211:6:PendSV_Handler	4	static
../Core/Src/stm32f4xx_it.c:224:6:SysTick_Handler	8	static
../Core/Src/stm32f4xx_it.c:270:6:EXTI0_IRQHandler	8	static
../Core/Src/stm32f4xx_it.c:320:6:EXTI1_IRQHandler	8	static
../Core/Src/stm32f4xx_it.c:371:6:EXTI2_IRQHandler	8	static
../Core/Src/stm32f4xx_it.c:408:6:EXTI3_IRQHandler	8	static
../Core/Src/stm32f4xx_it.c:423:6:EXTI4_IRQHandler	8	static
../Core/Src/stm32f4xx_it.c:463:6:EXTI9_5_IRQHandler	8	static
../Core/Src/stm32f4xx_it.c:478:6:TIM4_IRQHandler	8	static
../Core/Src/stm32f4xx_it.c:498:6:I2C1_EV_IRQHandler	8	static
../Core/Src/stm32f4xx_it.c:512:6:I2C1_ER_IRQHandler	8	static
../Core/Src/stm32f4xx_it.c:526:6:EXTI15_10_IRQHandler	8	static
