../Core/Src/main.c:151:7:velocalculate	4	static
../Core/Src/main.c:160:6:motorrhiz	40	static
../Core/Src/main.c:182:7:drive_func	8	static
../Core/Src/main.c:187:8:motorfonksiyon_pid	8	static
../Core/Src/main.c:219:8:motorfonksiyon_pid_i2c	8	static
../Core/Src/main.c:250:8:drive_func_i2c	16	static
../Core/Src/main.c:254:7:i2c_sum	4	static
../Core/Src/main.c:276:5:main	8	static
../Core/Src/main.c:489:6:SystemClock_Config	88	static
../Core/Src/main.c:535:13:MX_I2C1_Init	8	static
../Core/Src/main.c:569:13:MX_I2C2_Init	8	static
../Core/Src/main.c:603:13:MX_TIM1_Init	96	static
../Core/Src/main.c:682:13:MX_TIM2_Init	32	static
../Core/Src/main.c:727:13:MX_TIM3_Init	64	static
../Core/Src/main.c:798:13:MX_TIM4_Init	48	static
../Core/Src/main.c:856:13:MX_TIM5_Init	32	static
../Core/Src/main.c:901:13:MX_GPIO_Init	56	static
../Core/Src/main.c:1008:6:HAL_I2C_AddrCallback	16	static
../Core/Src/main.c:1021:6:HAL_I2C_ListenCpltCallback	16	static
../Core/Src/main.c:1031:6:HAL_I2C_ErrorCallback	16	static
../Core/Src/main.c:1046:6:Error_Handler	4	static,ignoring_inline_asm
